Archive:  F:/work/miktex/manufacture/source2.zip
 Length    Date    Time    Name
 ------    ----    ----    ----
   2344  01-26-00  23:15   source/generic/babel/00readme.txt
   2897  03-11-99  23:38   source/generic/babel/announce.txt
  10012  04-03-99  22:00   source/generic/babel/athnum.dtx
   6312  04-09-00  15:31   source/generic/babel/babel.drv
 186050  09-15-99  23:00   source/generic/babel/babel.dtx
1050668  08-23-99  21:09   source/generic/babel/babel.dvi
   8124  08-19-99  23:11   source/generic/babel/babel.ins
   7914  04-23-99  22:57   source/generic/babel/bahasa.dtx
   7541  04-20-99  22:02   source/generic/babel/bbcompat.dtx
   3912  03-15-99  22:01   source/generic/babel/bbidxglo.dtx
  24288  03-16-00  23:44   source/generic/babel/bbplain.dtx
  11486  04-21-99  22:06   source/generic/babel/breton.dtx
   2386  03-10-99  13:50   source/generic/babel/bugs.txt
  26440  05-05-99  22:39   source/generic/babel/catalan.dtx
  57299  08-26-99  23:16   source/generic/babel/changes.txt
      0  12-25-00  20:51   source/generic/babel/contrib/
      0  12-25-00  20:51   source/generic/babel/contrib/spanishb/
   1195  10-02-98  17:47   source/generic/babel/contrib/spanishb/00readme
  67598  10-02-98  17:48   source/generic/babel/contrib/spanishb/spanishb.dtx
    795  10-02-98  17:47   source/generic/babel/contrib/spanishb/spanishb.ins
   7600  04-21-99  23:02   source/generic/babel/croatian.dtx
   9338  04-21-99  23:03   source/generic/babel/czech.dtx
  10290  04-11-99  23:58   source/generic/babel/danish.dtx
  21175  04-05-99  19:15   source/generic/babel/dutch.dtx
  10828  04-19-99  23:25   source/generic/babel/english.dtx
  12193  04-14-99  00:24   source/generic/babel/esperant.dtx
  14373  04-11-99  23:55   source/generic/babel/estonian.dtx
  13077  04-13-99  19:06   source/generic/babel/finnish.dtx
   3862  03-10-99  13:10   source/generic/babel/fixes.txt
  78701  04-07-00  23:07   source/generic/babel/frenchb.dtx
  18036  04-21-99  22:06   source/generic/babel/galician.dtx
  20419  04-05-99  19:16   source/generic/babel/germanb.dtx
  31784  05-17-99  22:48   source/generic/babel/greek.dtx
  11414  04-29-99  22:47   source/generic/babel/greek.fdd
   3506  03-16-99  01:00   source/generic/babel/greek.ins
    957  04-03-99  20:55   source/generic/babel/GreekFonts.txt
   5444  04-03-99  22:00   source/generic/babel/grmath.dtx
   1551  03-10-99  13:50   source/generic/babel/howtoget.txt
   5273  04-28-99  23:00   source/generic/babel/ins-mac.txt
   5273  04-30-99  22:38   source/generic/babel/install.mac
   8115  03-18-99  20:42   source/generic/babel/install.txt
   6917  04-18-99  23:58   source/generic/babel/irish.dtx
  13810  05-03-99  22:28   source/generic/babel/italian.dtx
    275  04-12-99  22:04   source/generic/babel/language.dat
   6569  04-05-99  00:50   source/generic/babel/language.skeleton
   7271  04-16-99  20:23   source/generic/babel/lsorbian.dtx
  10901  04-21-99  23:08   source/generic/babel/magyar.dtx
   1658  01-29-00  13:20   source/generic/babel/Makefile.tetex
   4660  08-18-99  23:16   source/generic/babel/manifest.bbl
  11152  04-21-99  23:06   source/generic/babel/ngermanb.dtx
  10001  04-21-99  23:08   source/generic/babel/norsk.dtx
  18647  04-13-99  23:00   source/generic/babel/polish.dtx
  16290  04-16-99  01:38   source/generic/babel/portuges.dtx
   7703  04-16-99  20:10   source/generic/babel/romanian.dtx
  41917  08-26-99  23:13   source/generic/babel/russianb.dtx
   6700  04-21-99  23:07   source/generic/babel/scottish.dtx
   7857  04-18-99  10:53   source/generic/babel/slovak.dtx
  10861  04-18-99  23:37   source/generic/babel/slovene.dtx
  23720  04-18-99  23:46   source/generic/babel/spanish.dtx
  13601  04-18-99  18:27   source/generic/babel/swedish.dtx
  39971  03-10-99  13:31   source/generic/babel/tb1202.tex
  10026  03-10-99  13:30   source/generic/babel/tb1401.tex
  18562  03-10-99  13:31   source/generic/babel/tb1604.tex
    115  07-26-95  06:11   source/generic/babel/tetex.ins
   1310  03-10-99  13:10   source/generic/babel/todo.txt
  10050  05-17-99  22:54   source/generic/babel/turkish.dtx
  39793  08-26-99  23:13   source/generic/babel/ukraineb.dtx
   5793  04-09-00  15:31   source/generic/babel/user.drv
 110896  08-23-99  21:01   source/generic/babel/user.dvi
  12440  04-16-99  20:23   source/generic/babel/usorbian.dtx
   6142  04-18-99  16:49   source/generic/babel/welsh.dtx
    540  09-19-97  00:44   source/latex/amsfonts/00Contents
  12137  11-04-96  14:37   source/latex/amsfonts/amsdtx.cls
  18965  09-17-97  10:26   source/latex/amsfonts/amsfonts.dtx
   9798  05-13-97  15:30   source/latex/amsfonts/amsfonts.fdd
   3887  05-15-97  09:37   source/latex/amsfonts/amsfonts.ins
   7945  02-21-99  21:46   source/latex/amsfonts/amsfonts.sty
  17687  05-15-97  11:10   source/latex/amsfonts/amssymb.dtx
  15224  02-21-99  21:46   source/latex/amsfonts/amssymb.sty
   4472  05-15-97  11:17   source/latex/amsfonts/cmmib57.dtx
   2937  02-21-99  21:46   source/latex/amsfonts/cmmib57.sty
      0  12-25-00  20:51   source/latex/amsfonts/cyr-alt/
   3217  10-25-95  10:57   source/latex/amsfonts/cyr-alt/READ.ME
  21330  10-25-95  10:57   source/latex/amsfonts/cyr-alt/wkcyb10.vpl
  24817  10-25-95  10:57   source/latex/amsfonts/cyr-alt/wkcyi10.vpl
  21322  10-25-95  10:57   source/latex/amsfonts/cyr-alt/wkcyr10.vpl
  20662  10-25-95  10:57   source/latex/amsfonts/cyr-alt/wkcysc10.vpl
  20942  10-25-95  10:57   source/latex/amsfonts/cyr-alt/wkcyss10.vpl
  11789  10-25-95  10:57   source/latex/amsfonts/cyr-alt/wlcyb10.vpl
  14400  10-25-95  10:57   source/latex/amsfonts/cyr-alt/wlcyi10.vpl
  12019  10-25-95  10:57   source/latex/amsfonts/cyr-alt/wlcyr10.vpl
  11430  10-25-95  10:57   source/latex/amsfonts/cyr-alt/wlcysc10.vpl
  11740  10-25-95  10:57   source/latex/amsfonts/cyr-alt/wlcyss10.vpl
  22057  10-25-95  10:57   source/latex/amsfonts/cyr-alt/wvcyb10.vpl
  25946  10-25-95  10:57   source/latex/amsfonts/cyr-alt/wvcyi10.vpl
  22059  10-25-95  10:57   source/latex/amsfonts/cyr-alt/wvcyr10.vpl
  21331  10-25-95  10:57   source/latex/amsfonts/cyr-alt/wvcysc10.vpl
  21663  10-25-95  10:57   source/latex/amsfonts/cyr-alt/wvcyss10.vpl
   2740  02-21-99  21:46   source/latex/amsfonts/eucal.sty
   6906  05-15-97  11:20   source/latex/amsfonts/eufrak.dtx
   2589  02-21-99  21:46   source/latex/amsfonts/eufrak.sty
   7483  05-15-97  11:24   source/latex/amsfonts/euscript.dtx
   2705  02-21-99  21:46   source/latex/amsfonts/euscript.sty
    279  10-05-97  16:45   source/latex/amsfonts/Makefile.tetex
    118  01-03-97  00:17   source/latex/amsfonts/tetex.ins
   6931  02-21-99  21:46   source/latex/amsfonts/tetex.log
   2810  02-21-99  21:46   source/latex/amsfonts/ueuex.fd
   2775  02-21-99  21:46   source/latex/amsfonts/ueuex57.fd
   2925  02-21-99  21:46   source/latex/amsfonts/ueuf.fd
   2857  02-21-99  21:46   source/latex/amsfonts/ueuf57.fd
   2943  02-21-99  21:46   source/latex/amsfonts/ueur.fd
   2875  02-21-99  21:46   source/latex/amsfonts/ueur57.fd
   2942  02-21-99  21:46   source/latex/amsfonts/ueus.fd
   2874  02-21-99  21:46   source/latex/amsfonts/ueus57.fd
   2795  02-21-99  21:46   source/latex/amsfonts/umsa.fd
   2781  02-21-99  21:46   source/latex/amsfonts/umsa57.fd
   2795  02-21-99  21:46   source/latex/amsfonts/umsb.fd
   2781  02-21-99  21:46   source/latex/amsfonts/umsb57.fd
   2956  05-25-00  14:31   source/latex/amslatex/ams-c1.ins
   2600  06-06-00  14:18   source/latex/amslatex/ams-m1.ins
   9625  05-17-00  11:41   source/latex/amslatex/amsbsy.dtx
  12116  05-17-00  11:41   source/latex/amslatex/amscd.dtx
 173509  06-02-00  10:18   source/latex/amslatex/amsclass.dtx
  31802  05-17-00  11:41   source/latex/amslatex/amsdtx.dtx
  14368  05-17-00  11:41   source/latex/amslatex/amsgen.dtx
 202329  06-06-00  14:39   source/latex/amslatex/amsmath.dtx
   9431  05-17-00  11:41   source/latex/amslatex/amsopn.dtx
  11701  05-17-00  11:41   source/latex/amslatex/amstext.dtx
   5124  05-17-00  11:41   source/latex/amslatex/amsxtra.dtx
    189  06-07-00  08:19   source/latex/amslatex/exercise.thm
      0  12-25-00  20:51   source/latex/amslatex/math/
   4553  10-03-98  23:00   source/latex/amslatex/math/.cache+
   4238  05-17-00  11:41   source/latex/amslatex/upref.dtx
   4038  05-31-00  21:00   source/latex/base/00readme.txt
   6431  08-07-00  12:33   source/latex/base/alltt.dtx
   2249  08-30-00  09:24   source/latex/base/alltt.ins
   2698  01-26-00  21:36   source/latex/base/alltt.sty
  11176  12-22-99  23:00   source/latex/base/amiweb2c.txt
   7129  01-26-00  21:36   source/latex/base/ansinew.def
   6878  01-26-00  21:36   source/latex/base/applemac.def
  20188  01-26-00  21:36   source/latex/base/article.cls
   2186  01-26-00  21:36   source/latex/base/article.sty
   2191  01-26-00  21:36   source/latex/base/ascii.def
   4227  08-30-00  09:24   source/latex/base/autoload.ins
   5131  12-22-99  23:00   source/latex/base/autoload.txt
  90159  12-22-99  23:00   source/latex/base/begleit.err
   2506  01-26-00  21:36   source/latex/base/bezier.sty
   8577  01-26-00  21:36   source/latex/base/bk10.clo
   8592  01-26-00  21:36   source/latex/base/bk11.clo
   8584  01-26-00  21:36   source/latex/base/bk12.clo
  23264  01-26-00  21:36   source/latex/base/book.cls
   2168  01-26-00  21:36   source/latex/base/book.sty
   5550  12-22-99  23:00   source/latex/base/bugs.txt
   1753  01-26-00  21:36   source/latex/base/cfgguide.aux
  34108  01-26-00  21:36   source/latex/base/cfgguide.dvi
   3589  01-26-00  21:36   source/latex/base/cfgguide.log
  21876  08-07-00  12:33   source/latex/base/cfgguide.tex
   1290  01-26-00  21:36   source/latex/base/cfgguide.toc
 244073  08-29-00  21:00   source/latex/base/changes.txt
 151480  08-07-00  12:33   source/latex/base/classes.dtx
   3447  08-30-00  09:24   source/latex/base/classes.ins
   5161  01-26-00  21:36   source/latex/base/clsguide.aux
 106320  01-26-00  21:36   source/latex/base/clsguide.dvi
   4003  01-26-00  21:36   source/latex/base/clsguide.log
  68632  08-07-00  12:33   source/latex/base/clsguide.tex
   3426  01-26-00  21:36   source/latex/base/clsguide.toc
   4426  08-30-00  09:24   source/latex/base/cmextra.ins
  42995  08-07-00  12:33   source/latex/base/cmfonts.fdd
   3719  08-30-00  09:24   source/latex/base/cmfonts.ins
 106078  07-12-00  15:31   source/latex/base/compan.err
   6698  01-26-00  21:36   source/latex/base/cp1250.def
   7125  01-26-00  21:36   source/latex/base/cp1252.def
   5273  01-26-00  21:36   source/latex/base/cp437.def
   5279  01-26-00  21:36   source/latex/base/cp437de.def
   6484  01-26-00  21:36   source/latex/base/cp850.def
   6014  01-26-00  21:36   source/latex/base/cp852.def
   5341  01-26-00  21:36   source/latex/base/cp865.def
    646  12-22-99  23:00   source/latex/base/cstex.txt
   1167  01-26-00  21:37   source/latex/base/cyrguide.aux
  24496  01-26-00  21:37   source/latex/base/cyrguide.dvi
   3571  01-26-00  21:37   source/latex/base/cyrguide.log
  17297  08-07-00  12:33   source/latex/base/cyrguide.tex
    803  01-26-00  21:37   source/latex/base/cyrguide.toc
   5474  01-26-00  21:36   source/latex/base/decmulti.def
  14234  12-22-99  23:00   source/latex/base/decustex.txt
   4066  12-22-99  23:00   source/latex/base/directex.txt
   4187  01-26-00  21:37   source/latex/base/doc.aux
 199817  08-07-00  12:33   source/latex/base/doc.dtx
 267136  01-26-00  21:37   source/latex/base/doc.dvi
  23679  01-26-00  21:37   source/latex/base/doc.glo
  21008  01-26-00  21:37   source/latex/base/doc.gls
  41347  01-26-00  21:37   source/latex/base/doc.idx
    676  01-26-00  21:37   source/latex/base/doc.ilg
  16924  01-26-00  21:37   source/latex/base/doc.ind
  17617  01-26-00  21:37   source/latex/base/doc.log
  30353  01-26-00  21:36   source/latex/base/doc.sty
   2748  01-26-00  21:37   source/latex/base/doc.toc
   4034  01-26-00  21:37   source/latex/base/docstrip.aux
 163456  08-07-00  12:33   source/latex/base/docstrip.dtx
 221756  01-26-00  21:37   source/latex/base/docstrip.dvi
  15941  01-26-00  21:37   source/latex/base/docstrip.glo
  14208  01-26-00  21:37   source/latex/base/docstrip.gls
    695  01-26-00  21:37   source/latex/base/docstrip.ilg
   3545  08-30-00  09:24   source/latex/base/docstrip.ins
   7405  01-26-00  21:37   source/latex/base/docstrip.log
  33514  01-26-00  21:36   source/latex/base/docstrip.tex
   3784  08-30-00  09:24   source/latex/base/ec.ins
   3296  12-22-99  23:00   source/latex/base/emtex.txt
   7194  12-22-99  23:00   source/latex/base/emtextds.txt
   6349  08-07-00  12:33   source/latex/base/exscale.dtx
   2697  08-30-00  09:24   source/latex/base/exscale.ins
   1957  01-26-00  21:36   source/latex/base/exscale.sty
  27777  08-07-00  12:33   source/latex/base/fixltx2e.dtx
   2255  08-30-00  09:24   source/latex/base/fixltx2e.ins
  10114  01-26-00  21:36   source/latex/base/fixltx2e.sty
   3182  01-26-00  21:36   source/latex/base/flafter.sty
   3402  01-26-00  21:36   source/latex/base/fleqn.clo
   2149  01-26-00  21:36   source/latex/base/fleqn.sty
   3524  01-26-00  21:37   source/latex/base/fntguide.aux
 100080  01-26-00  21:37   source/latex/base/fntguide.dvi
   3685  01-26-00  21:37   source/latex/base/fntguide.log
  66809  08-07-00  12:33   source/latex/base/fntguide.tex
   2388  01-26-00  21:37   source/latex/base/fntguide.toc
  48637  08-07-00  12:33   source/latex/base/fontdef.dtx
   4154  01-26-00  21:36   source/latex/base/fontenc.sty
  24509  01-26-00  21:36   source/latex/base/fontmath.ltx
   3250  01-26-00  21:36   source/latex/base/fonttext.ltx
   5782  08-30-00  09:24   source/latex/base/format.ins
   3161  01-26-00  21:36   source/latex/base/gglo.ist
   3137  01-26-00  21:36   source/latex/base/gind.ist
   5251  08-07-00  12:33   source/latex/base/graphpap.dtx
   2251  08-30-00  09:24   source/latex/base/graphpap.ins
   2949  01-26-00  21:36   source/latex/base/graphpap.sty
  35351  12-22-99  23:00   source/latex/base/grphcomp.err
   8672  12-22-99  23:00   source/latex/base/handbuch.err
   2850  01-26-00  21:36   source/latex/base/hyphen.ltx
   2502  08-07-00  12:33   source/latex/base/idx.tex
    162  01-26-00  21:37   source/latex/base/ifthen.aux
  17522  08-07-00  12:33   source/latex/base/ifthen.dtx
  17928  01-26-00  21:37   source/latex/base/ifthen.dvi
   2247  08-30-00  09:24   source/latex/base/ifthen.ins
   4656  01-26-00  21:37   source/latex/base/ifthen.log
   4653  01-26-00  21:36   source/latex/base/ifthen.sty
   1422  01-26-00  21:37   source/latex/base/inputenc.aux
  78253  08-07-00  12:33   source/latex/base/inputenc.dtx
  90940  01-26-00  21:37   source/latex/base/inputenc.dvi
   3775  08-30-00  09:24   source/latex/base/inputenc.ins
   5487  01-26-00  21:37   source/latex/base/inputenc.log
   3746  01-26-00  21:36   source/latex/base/inputenc.sty
  18152  05-31-00  21:00   source/latex/base/install.txt
   3879  08-07-00  12:33   source/latex/base/lablst.tex
 652420  01-26-00  21:36   source/latex/base/latex.fmt
   9996  01-26-00  21:36   source/latex/base/latex.log
 241920  01-26-00  21:36   source/latex/base/latex.ltx
  14399  01-26-00  21:36   source/latex/base/latex209.def
  38991  08-07-00  12:33   source/latex/base/latex209.dtx
   3579  08-30-00  09:24   source/latex/base/latex209.ins
  15592  12-22-99  23:00   source/latex/base/latexbug.el
  22481  08-07-00  12:33   source/latex/base/latexbug.tex
   7397  08-07-00  12:33   source/latex/base/latexsym.dtx
   4034  08-30-00  09:24   source/latex/base/latexsym.ins
   2412  01-26-00  21:36   source/latex/base/latexsym.sty
   6149  01-26-00  21:36   source/latex/base/latin1.def
   5365  01-26-00  21:36   source/latex/base/latin2.def
   5541  01-26-00  21:36   source/latex/base/latin3.def
   6127  01-26-00  21:36   source/latex/base/latin5.def
   1098  07-31-00  17:31   source/latex/base/legal.txt
   1517  01-26-00  21:36   source/latex/base/leqno.clo
   2149  01-26-00  21:36   source/latex/base/leqno.sty
  14110  01-26-00  21:36   source/latex/base/letter.cls
  62217  08-07-00  12:33   source/latex/base/letter.dtx
   2734  08-30-00  09:24   source/latex/base/letter.ins
   2180  01-26-00  21:36   source/latex/base/letter.sty
   6335  12-22-99  23:00   source/latex/base/lindner.txt
   9081  12-22-99  23:00   source/latex/base/lppl-1-0.txt
  14356  12-22-99  23:00   source/latex/base/lppl-1-1.txt
  14439  12-22-99  23:00   source/latex/base/lppl.txt
   4074  08-07-00  12:33   source/latex/base/ltalloc.dtx
  11059  08-07-00  12:33   source/latex/base/ltbibl.dtx
  34440  08-07-00  12:33   source/latex/base/ltboxes.dtx
  54940  08-07-00  12:33   source/latex/base/ltclass.dtx
   9185  08-07-00  12:33   source/latex/base/ltcntrl.dtx
  13236  08-07-00  12:33   source/latex/base/ltcounts.dtx
  46243  08-07-00  12:33   source/latex/base/ltdefns.dtx
  30969  08-07-00  12:33   source/latex/base/ltdirchk.dtx
  24576  08-07-00  12:33   source/latex/base/lterror.dtx
  27375  08-07-00  12:33   source/latex/base/ltfiles.dtx
  19827  08-23-00  11:11   source/latex/base/ltfinal.dtx
  42054  08-07-00  12:33   source/latex/base/ltfloat.dtx
  27295  08-07-00  12:33   source/latex/base/ltfntcmd.dtx
  65126  08-07-00  12:33   source/latex/base/ltfssbas.dtx
  11279  08-07-00  12:33   source/latex/base/ltfsscmp.dtx
  49617  08-07-00  12:33   source/latex/base/ltfssdcl.dtx
  20132  08-07-00  12:33   source/latex/base/ltfssini.dtx
  66946  08-07-00  12:33   source/latex/base/ltfsstrc.dtx
   5611  08-07-00  12:33   source/latex/base/lthyphen.dtx
   5568  08-07-00  12:33   source/latex/base/ltidxglo.dtx
   3837  08-07-00  12:33   source/latex/base/ltlength.dtx
  34487  08-07-00  12:33   source/latex/base/ltlists.dtx
   3425  08-07-00  12:33   source/latex/base/ltlogos.dtx
  28707  08-07-00  12:33   source/latex/base/ltmath.dtx
  25255  08-07-00  12:33   source/latex/base/ltmiscen.dtx
  16699  08-30-00  12:15   source/latex/base/ltnews.cls
    453  01-26-00  21:37   source/latex/base/ltnews01.aux
   8112  01-26-00  21:37   source/latex/base/ltnews01.dvi
   2962  01-26-00  21:37   source/latex/base/ltnews01.log
   5067  08-07-00  12:33   source/latex/base/ltnews01.tex
    454  01-26-00  21:37   source/latex/base/ltnews02.aux
   7396  01-26-00  21:37   source/latex/base/ltnews02.dvi
   3173  01-26-00  21:37   source/latex/base/ltnews02.log
   5085  08-07-00  12:33   source/latex/base/ltnews02.tex
    612  01-26-00  21:37   source/latex/base/ltnews03.aux
   7212  01-26-00  21:37   source/latex/base/ltnews03.dvi
   3170  01-26-00  21:37   source/latex/base/ltnews03.log
   4990  08-07-00  12:33   source/latex/base/ltnews03.tex
    616  01-26-00  21:37   source/latex/base/ltnews04.aux
   6944  01-26-00  21:37   source/latex/base/ltnews04.dvi
   3173  01-26-00  21:37   source/latex/base/ltnews04.log
   5298  08-07-00  12:33   source/latex/base/ltnews04.tex
    671  01-26-00  21:37   source/latex/base/ltnews05.aux
   6956  01-26-00  21:37   source/latex/base/ltnews05.dvi
   3173  01-26-00  21:37   source/latex/base/ltnews05.log
   5398  08-07-00  12:33   source/latex/base/ltnews05.tex
    610  01-26-00  21:37   source/latex/base/ltnews06.aux
   6636  01-26-00  21:37   source/latex/base/ltnews06.dvi
   2862  01-26-00  21:37   source/latex/base/ltnews06.log
   5182  08-07-00  12:33   source/latex/base/ltnews06.tex
    528  01-26-00  21:37   source/latex/base/ltnews07.aux
   6488  01-26-00  21:37   source/latex/base/ltnews07.dvi
   3173  01-26-00  21:37   source/latex/base/ltnews07.log
   5213  08-07-00  12:33   source/latex/base/ltnews07.tex
    349  01-26-00  21:37   source/latex/base/ltnews08.aux
   6776  01-26-00  21:37   source/latex/base/ltnews08.dvi
   2862  01-26-00  21:37   source/latex/base/ltnews08.log
   5487  08-07-00  12:33   source/latex/base/ltnews08.tex
    456  01-26-00  21:37   source/latex/base/ltnews09.aux
   6592  01-26-00  21:37   source/latex/base/ltnews09.dvi
   3256  01-26-00  21:37   source/latex/base/ltnews09.log
   5090  08-07-00  12:33   source/latex/base/ltnews09.tex
    480  01-26-00  21:37   source/latex/base/ltnews10.aux
   7176  01-26-00  21:37   source/latex/base/ltnews10.dvi
   2962  01-26-00  21:37   source/latex/base/ltnews10.log
   5459  08-07-00  12:33   source/latex/base/ltnews10.tex
    594  01-26-00  21:37   source/latex/base/ltnews11.aux
   6860  01-26-00  21:37   source/latex/base/ltnews11.dvi
   2861  01-26-00  21:37   source/latex/base/ltnews11.log
   5321  08-07-00  12:33   source/latex/base/ltnews11.tex
    206  01-26-00  21:37   source/latex/base/ltnews12.aux
   6156  01-26-00  21:37   source/latex/base/ltnews12.dvi
   2862  01-26-00  21:37   source/latex/base/ltnews12.log
   5207  08-07-00  12:33   source/latex/base/ltnews12.tex
   6039  08-30-00  12:07   source/latex/base/ltnews13.tex
 106347  08-29-00  11:31   source/latex/base/ltoutenc.dtx
   2629  08-30-00  09:24   source/latex/base/ltoutenc.ins
 128488  08-07-00  12:33   source/latex/base/ltoutput.dtx
  10417  08-07-00  12:33   source/latex/base/ltpage.dtx
   2503  08-07-00  12:33   source/latex/base/ltpageno.dtx
   6508  08-07-00  12:33   source/latex/base/ltpar.dtx
    737  05-31-00  21:00   source/latex/base/ltpatch.ltx
  44482  08-07-00  12:33   source/latex/base/ltpictur.dtx
  32438  08-07-00  12:33   source/latex/base/ltplain.dtx
  27505  08-07-00  12:33   source/latex/base/ltsect.dtx
  29526  08-07-00  12:33   source/latex/base/ltspace.dtx
  45504  08-07-00  12:33   source/latex/base/lttab.dtx
   8512  08-07-00  12:33   source/latex/base/ltthm.dtx
   3946  05-31-00  21:00   source/latex/base/ltvers.dtx
    523  01-26-00  21:37   source/latex/base/ltx3info.aux
  23628  01-26-00  21:37   source/latex/base/ltx3info.dvi
   3217  01-26-00  21:37   source/latex/base/ltx3info.log
  18098  08-07-00  12:33   source/latex/base/ltx3info.tex
  26902  08-07-00  12:33   source/latex/base/ltxcheck.tex
   6558  01-26-00  21:36   source/latex/base/ltxdoc.cls
  16098  08-07-00  12:33   source/latex/base/ltxdoc.dtx
   7180  08-07-00  12:33   source/latex/base/ltxguide.cls
  11104  08-07-00  12:33   source/latex/base/ltxref.dtx
   2654  01-29-00  13:27   source/latex/base/Makefile.tetex
   1325  12-22-99  23:00   source/latex/base/Makefile.unx
   1413  01-26-00  21:36   source/latex/base/makeidx.sty
  10383  08-07-00  12:33   source/latex/base/makeindx.dtx
   2793  08-30-00  09:24   source/latex/base/makeindx.ins
  12529  07-31-00  16:51   source/latex/base/manifest.txt
  10569  12-22-99  23:00   source/latex/base/manual.err
   3331  12-22-99  23:00   source/latex/base/microtex.txt
   3528  12-22-99  23:00   source/latex/base/miktex.txt
   1596  08-07-00  12:33   source/latex/base/minimal.cls
    784  01-26-00  21:37   source/latex/base/modguide.aux
  21020  01-26-00  21:37   source/latex/base/modguide.dvi
   3571  01-26-00  21:37   source/latex/base/modguide.log
  16039  08-07-00  12:33   source/latex/base/modguide.tex
    321  01-26-00  21:37   source/latex/base/modguide.toc
   7521  12-22-99  23:00   source/latex/base/multitex.txt
   3650  08-30-00  09:24   source/latex/base/newdc.ins
   7022  08-07-00  12:33   source/latex/base/newlfont.dtx
   3357  01-26-00  21:36   source/latex/base/newlfont.sty
   6468  01-26-00  21:36   source/latex/base/next.def
  12014  08-07-00  12:33   source/latex/base/nfssfont.tex
   3358  08-30-00  09:24   source/latex/base/olddc.ins
   9289  08-07-00  12:33   source/latex/base/oldlfont.dtx
   3896  01-26-00  21:36   source/latex/base/oldlfont.sty
   1930  01-26-00  21:36   source/latex/base/omlcmm.fd
   2068  01-26-00  21:36   source/latex/base/omlcmr.fd
   1463  01-26-00  21:36   source/latex/base/omlenc.def
   1840  01-26-00  21:36   source/latex/base/omllcmm.fd
   2067  01-26-00  21:36   source/latex/base/omscmr.fd
   1860  01-26-00  21:36   source/latex/base/omscmsy.fd
   2121  01-26-00  21:36   source/latex/base/omsenc.def
   1844  01-26-00  21:36   source/latex/base/omslcmsy.fd
   1638  01-26-00  21:36   source/latex/base/omxcmex.fd
   1747  01-26-00  21:36   source/latex/base/omxlcmex.fd
   2367  01-26-00  21:36   source/latex/base/openbib.sty
   1657  01-26-00  21:36   source/latex/base/ot1cmdh.fd
   1660  01-26-00  21:36   source/latex/base/ot1cmfib.fd
   1719  01-26-00  21:36   source/latex/base/ot1cmfr.fd
   3303  01-26-00  21:36   source/latex/base/ot1cmr.fd
   2751  01-26-00  21:36   source/latex/base/ot1cmss.fd
   2447  01-26-00  21:36   source/latex/base/ot1cmtt.fd
   1869  01-26-00  21:36   source/latex/base/ot1cmvtt.fd
   3320  01-26-00  21:36   source/latex/base/ot1enc.def
   2595  01-26-00  21:36   source/latex/base/ot1lcmss.fd
   2085  01-26-00  21:36   source/latex/base/ot1lcmtt.fd
   2094  01-26-00  21:36   source/latex/base/ot2cmr.fd
   1710  01-26-00  21:36   source/latex/base/ot2cmss.fd
   4120  01-26-00  21:36   source/latex/base/ot4enc.def
   3861  12-22-99  23:00   source/latex/base/oztex.txt
   7135  12-22-99  23:00   source/latex/base/pastex.txt
   1877  05-31-00  21:00   source/latex/base/patches.txt
   7218  12-22-99  23:00   source/latex/base/pctex.txt
   2151  08-07-00  12:33   source/latex/base/pict2e.dtx
   2251  08-30-00  09:24   source/latex/base/pict2e.ins
   1397  01-26-00  21:36   source/latex/base/pict2e.sty
  10045  08-07-00  12:33   source/latex/base/preload.dtx
   2936  01-26-00  21:36   source/latex/base/preload.ltx
   4383  01-26-00  21:36   source/latex/base/proc.cls
  13965  08-07-00  12:33   source/latex/base/proc.dtx
   2760  08-30-00  09:24   source/latex/base/proc.ins
   4199  01-26-00  21:36   source/latex/base/proc.sty
  23199  01-26-00  21:36   source/latex/base/report.cls
   2180  01-26-00  21:36   source/latex/base/report.sty
   7247  12-22-99  23:00   source/latex/base/sample2e.tex
   1532  01-26-00  21:36   source/latex/base/sfonts.def
   3951  01-26-00  21:36   source/latex/base/shortvrb.sty
   2925  01-26-00  21:36   source/latex/base/showidx.sty
   8737  01-26-00  21:36   source/latex/base/size10.clo
   8753  01-26-00  21:36   source/latex/base/size11.clo
   8748  01-26-00  21:36   source/latex/base/size12.clo
  17156  01-26-00  21:36   source/latex/base/slides.cls
  18448  01-26-00  21:36   source/latex/base/slides.def
  89449  08-07-00  12:33   source/latex/base/slides.dtx
   5782  08-30-00  09:24   source/latex/base/slides.ins
   2180  01-26-00  21:36   source/latex/base/slides.sty
  15213  08-07-00  12:33   source/latex/base/slifonts.fdd
   1700  12-22-99  23:00   source/latex/base/small2e.tex
  13589  08-07-00  12:33   source/latex/base/source2e.tex
   9654  08-07-00  12:33   source/latex/base/syntonly.dtx
   2256  08-30-00  09:24   source/latex/base/syntonly.ins
   3278  01-26-00  21:36   source/latex/base/syntonly.sty
   1768  01-26-00  21:36   source/latex/base/t1cmdh.fd
   1809  01-26-00  21:36   source/latex/base/t1cmfib.fd
   1802  01-26-00  21:36   source/latex/base/t1cmfr.fd
   2061  01-26-00  21:36   source/latex/base/t1cmr.fd
   2219  01-26-00  21:36   source/latex/base/t1cmss.fd
   2041  01-26-00  21:36   source/latex/base/t1cmtt.fd
   1827  01-26-00  21:36   source/latex/base/t1cmvtt.fd
   8436  01-26-00  21:36   source/latex/base/t1enc.def
   2243  01-26-00  21:36   source/latex/base/t1enc.sty
   2811  01-26-00  21:36   source/latex/base/t1lcmss.fd
   1959  01-26-00  21:36   source/latex/base/t1lcmtt.fd
   5779  12-22-99  23:00   source/latex/base/template.txt
  12313  08-07-00  12:33   source/latex/base/testpage.tex
    164  01-31-00  21:21   source/latex/base/tetex.ins
  24827  01-26-00  21:36   source/latex/base/tetex.log
   2738  12-22-99  23:00   source/latex/base/tex2.txt
   8389  12-22-99  23:00   source/latex/base/texpert.txt
     18  01-26-00  21:36   source/latex/base/texsys.aux
   7453  01-26-00  21:36   source/latex/base/textcomp.sty
  51285  12-22-99  23:00   source/latex/base/textures.txt
   8195  01-26-00  21:36   source/latex/base/tracefnt.sty
  12296  12-22-99  23:00   source/latex/base/truetex.txt
   2028  01-26-00  21:36   source/latex/base/ts1cmr.fd
   1972  01-26-00  21:36   source/latex/base/ts1cmss.fd
   1885  01-26-00  21:36   source/latex/base/ts1cmtt.fd
   1834  01-26-00  21:36   source/latex/base/ts1cmvtt.fd
   7261  01-26-00  21:36   source/latex/base/ts1enc.def
   3278  01-26-00  21:36   source/latex/base/ucmr.fd
   2733  01-26-00  21:36   source/latex/base/ucmss.fd
   2418  01-26-00  21:36   source/latex/base/ucmtt.fd
   1831  01-26-00  21:36   source/latex/base/ulasy.fd
   1787  01-26-00  21:36   source/latex/base/ullasy.fd
   2861  08-07-00  13:00   source/latex/base/unpack.ins
   4197  01-26-00  21:37   source/latex/base/usrguide.aux
 116364  01-26-00  21:37   source/latex/base/usrguide.dvi
   3795  01-26-00  21:37   source/latex/base/usrguide.log
  66613  08-07-00  12:33   source/latex/base/usrguide.tex
   2814  01-26-00  21:37   source/latex/base/usrguide.toc
   5264  12-22-99  23:00   source/latex/base/vtex.txt
   5207  12-22-99  23:00   source/latex/base/web2ctex.txt
   7750  12-22-99  23:00   source/latex/base/webcomp.err
  10411  07-31-00  17:31   source/latex/base/webcompg.err
   7887  12-22-99  23:00   source/latex/base/yandytex.txt
   2140  05-31-00  21:00   source/latex/cyrillic/00readme.txt
   3732  05-03-00  20:59   source/latex/cyrillic/changes.txt
   5755  01-31-00  21:22   source/latex/cyrillic/cp1251.def
   4671  01-31-00  21:22   source/latex/cyrillic/cp855.def
   4059  01-31-00  21:22   source/latex/cyrillic/cp866.def
   3859  01-31-00  21:22   source/latex/cyrillic/cp866av.def
   4076  01-31-00  21:22   source/latex/cyrillic/cp866mav.def
   3882  01-31-00  21:22   source/latex/cyrillic/cp866nav.def
   3989  01-31-00  21:22   source/latex/cyrillic/cp866tat.def
   3633  01-31-00  21:22   source/latex/cyrillic/ctt.def
   1797  01-31-00  21:22   source/latex/cyrillic/cyinpenc.aux
  57749  08-07-00  12:52   source/latex/cyrillic/cyinpenc.dtx
  90844  01-31-00  21:22   source/latex/cyrillic/cyinpenc.dvi
   4968  01-31-00  21:22   source/latex/cyrillic/cyinpenc.log
    120  01-31-00  21:22   source/latex/cyrillic/cyoutenc.aux
  24325  08-07-00  12:52   source/latex/cyrillic/cyoutenc.dtx
  31980  01-31-00  21:22   source/latex/cyrillic/cyoutenc.dvi
   4252  01-31-00  21:22   source/latex/cyrillic/cyoutenc.log
   9204  08-07-00  14:57   source/latex/cyrillic/cyrlatex.ins
   3554  01-31-00  21:22   source/latex/cyrillic/dbk.def
   4422  01-31-00  21:22   source/latex/cyrillic/iso88595.def
   4438  01-31-00  21:22   source/latex/cyrillic/isoir111.def
   4029  01-31-00  21:22   source/latex/cyrillic/koi8-r.def
   4378  01-31-00  21:22   source/latex/cyrillic/koi8-ru.def
   3656  01-31-00  21:22   source/latex/cyrillic/koi8-u.def
    346  01-31-00  21:22   source/latex/cyrillic/lcy.aux
  12629  08-07-00  12:52   source/latex/cyrillic/lcy.dtx
  16276  01-31-00  21:22   source/latex/cyrillic/lcy.dvi
   4861  01-31-00  21:22   source/latex/cyrillic/lcy.log
   1754  01-31-00  21:22   source/latex/cyrillic/lcy.sty
   1742  01-31-00  21:22   source/latex/cyrillic/lcycmdh.fd
   1745  01-31-00  21:22   source/latex/cyrillic/lcycmfib.fd
   1794  01-31-00  21:22   source/latex/cyrillic/lcycmfr.fd
   9429  08-07-00  12:52   source/latex/cyrillic/lcycmlh.fdd
   2836  01-31-00  21:22   source/latex/cyrillic/lcycmr.fd
   2435  01-31-00  21:22   source/latex/cyrillic/lcycmss.fd
   2409  01-31-00  21:22   source/latex/cyrillic/lcycmtt.fd
   1918  01-31-00  21:22   source/latex/cyrillic/lcycmvtt.fd
   2361  01-31-00  21:22   source/latex/cyrillic/lcydefs.tex
   6502  01-31-00  21:22   source/latex/cyrillic/lcyenc.def
   2583  01-31-00  21:22   source/latex/cyrillic/lcylcmss.fd
   2116  01-31-00  21:22   source/latex/cyrillic/lcylcmtt.fd
     73  08-08-99  19:52   source/latex/cyrillic/ltxdoc.cfg
   5579  01-31-00  21:22   source/latex/cyrillic/maccyr.def
   5577  01-31-00  21:22   source/latex/cyrillic/macukr.def
   1221  01-30-00  16:06   source/latex/cyrillic/Makefile.tetex
   1021  12-22-99  23:00   source/latex/cyrillic/manifest.txt
   4658  01-31-00  21:22   source/latex/cyrillic/mik.def
   5091  01-31-00  21:22   source/latex/cyrillic/mls.def
   3554  01-31-00  21:22   source/latex/cyrillic/mnk.def
   3554  01-31-00  21:22   source/latex/cyrillic/mos.def
   3554  01-31-00  21:22   source/latex/cyrillic/ncc.def
    113  01-31-00  21:22   source/latex/cyrillic/ot2.aux
   7559  08-07-00  12:52   source/latex/cyrillic/ot2.dtx
   8584  01-31-00  21:22   source/latex/cyrillic/ot2.dvi
   4340  01-31-00  21:22   source/latex/cyrillic/ot2.log
   4335  08-07-00  12:52   source/latex/cyrillic/ot2cmams.fdd
   1742  01-31-00  21:22   source/latex/cyrillic/ot2cmdh.fd
   1745  01-31-00  21:22   source/latex/cyrillic/ot2cmfib.fd
   1794  01-31-00  21:22   source/latex/cyrillic/ot2cmfr.fd
   9592  08-07-00  12:52   source/latex/cyrillic/ot2cmlh.fdd
   2836  01-31-00  21:22   source/latex/cyrillic/ot2cmr.fd
   2435  01-31-00  21:22   source/latex/cyrillic/ot2cmss.fd
   2409  01-31-00  21:22   source/latex/cyrillic/ot2cmtt.fd
   1918  01-31-00  21:22   source/latex/cyrillic/ot2cmvtt.fd
   5471  01-31-00  21:22   source/latex/cyrillic/ot2enc.def
   2583  01-31-00  21:22   source/latex/cyrillic/ot2lcmss.fd
   2116  01-31-00  21:22   source/latex/cyrillic/ot2lcmtt.fd
   2497  01-31-00  21:22   source/latex/cyrillic/ot2wncyr.fd
   1947  01-31-00  21:22   source/latex/cyrillic/ot2wncyss.fd
   5599  01-31-00  21:22   source/latex/cyrillic/pt154.def
   5562  01-31-00  21:22   source/latex/cyrillic/pt254.def
   1862  01-31-00  21:22   source/latex/cyrillic/t2acmdh.fd
   1904  01-31-00  21:22   source/latex/cyrillic/t2acmfib.fd
   1897  01-31-00  21:22   source/latex/cyrillic/t2acmfr.fd
   2164  01-31-00  21:22   source/latex/cyrillic/t2acmr.fd
   2094  01-31-00  21:22   source/latex/cyrillic/t2acmss.fd
   2141  01-31-00  21:22   source/latex/cyrillic/t2acmtt.fd
   1924  01-31-00  21:22   source/latex/cyrillic/t2acmvtt.fd
  11043  01-31-00  21:22   source/latex/cyrillic/t2aenc.def
   2805  01-31-00  21:22   source/latex/cyrillic/t2alcmss.fd
   2014  01-31-00  21:22   source/latex/cyrillic/t2alcmtt.fd
   1862  01-31-00  21:22   source/latex/cyrillic/t2bcmdh.fd
   1904  01-31-00  21:22   source/latex/cyrillic/t2bcmfib.fd
   1897  01-31-00  21:22   source/latex/cyrillic/t2bcmfr.fd
   2164  01-31-00  21:22   source/latex/cyrillic/t2bcmr.fd
   2094  01-31-00  21:22   source/latex/cyrillic/t2bcmss.fd
   2141  01-31-00  21:22   source/latex/cyrillic/t2bcmtt.fd
   1924  01-31-00  21:22   source/latex/cyrillic/t2bcmvtt.fd
  11172  01-31-00  21:22   source/latex/cyrillic/t2benc.def
   2805  01-31-00  21:22   source/latex/cyrillic/t2blcmss.fd
   2014  01-31-00  21:22   source/latex/cyrillic/t2blcmtt.fd
   1862  01-31-00  21:22   source/latex/cyrillic/t2ccmdh.fd
   1904  01-31-00  21:22   source/latex/cyrillic/t2ccmfib.fd
   1897  01-31-00  21:22   source/latex/cyrillic/t2ccmfr.fd
   2164  01-31-00  21:22   source/latex/cyrillic/t2ccmr.fd
   2094  01-31-00  21:22   source/latex/cyrillic/t2ccmss.fd
   2141  01-31-00  21:22   source/latex/cyrillic/t2ccmtt.fd
   1924  01-31-00  21:22   source/latex/cyrillic/t2ccmvtt.fd
  11198  01-31-00  21:22   source/latex/cyrillic/t2cenc.def
   2805  01-31-00  21:22   source/latex/cyrillic/t2clcmss.fd
   2014  01-31-00  21:22   source/latex/cyrillic/t2clcmtt.fd
  16505  08-07-00  12:52   source/latex/cyrillic/t2lhfnt.fdd
    118  03-23-99  23:21   source/latex/cyrillic/tetex.ins
  12099  01-31-00  21:22   source/latex/cyrillic/tetex.log
   1856  01-31-00  21:22   source/latex/cyrillic/x2cmdh.fd
   1897  01-31-00  21:22   source/latex/cyrillic/x2cmfib.fd
   1890  01-31-00  21:22   source/latex/cyrillic/x2cmfr.fd
   2149  01-31-00  21:22   source/latex/cyrillic/x2cmr.fd
   2082  01-31-00  21:22   source/latex/cyrillic/x2cmss.fd
   2130  01-31-00  21:22   source/latex/cyrillic/x2cmtt.fd
   1917  01-31-00  21:22   source/latex/cyrillic/x2cmvtt.fd
  12723  01-31-00  21:22   source/latex/cyrillic/x2enc.def
   2788  01-31-00  21:22   source/latex/cyrillic/x2lcmss.fd
   2006  01-31-00  21:22   source/latex/cyrillic/x2lcmtt.fd
  34173  03-09-00  11:45   source/latex/float/float.dtx
    869  03-09-00  11:49   source/latex/float/float.ins
     77  03-24-96  19:51   source/latex/float/Makefile.tetex
    115  01-02-95  22:01   source/latex/float/tetex.ins
   3895  08-30-00  09:30   source/latex/graphics/00readme.txt
    180  03-23-99  23:19   source/latex/graphics/a.ps
  22924  02-17-99  23:00   source/latex/graphics/changes.txt
  28778  08-30-00  09:30   source/latex/graphics/color.dtx
  49550  08-30-00  09:30   source/latex/graphics/drivers.dtx
   3400  08-30-00  09:30   source/latex/graphics/dvipdfm.def
   3981  08-30-00  09:30   source/latex/graphics/epsfig.dtx
  57321  08-30-00  09:30   source/latex/graphics/graphics.dtx
   3519  08-30-00  09:30   source/latex/graphics/graphics.ins
  29749  08-30-00  09:30   source/latex/graphics/graphicx.dtx
  88828  08-30-00  09:30   source/latex/graphics/grfguide.ps
  35703  08-30-00  09:30   source/latex/graphics/grfguide.tex
  12797  08-30-00  09:30   source/latex/graphics/keyval.dtx
   2880  08-30-00  09:30   source/latex/graphics/lscape.dtx
    473  08-08-99  21:27   source/latex/graphics/Makefile.tetex
  12705  08-30-00  09:30   source/latex/graphics/pdftex.def
   3484  08-30-00  09:30   source/latex/graphics/pstcol.dtx
    118  01-02-95  14:13   source/latex/graphics/tetex.ins
  14580  08-30-00  09:30   source/latex/graphics/textures.def
   9792  08-30-00  09:30   source/latex/graphics/trig.dtx
   9738  08-30-00  09:30   source/latex/graphics/vtex.def
    500  05-17-00  11:41   source/latex/hyperref/ANNOUNCE
   6795  05-17-00  11:41   source/latex/hyperref/backref.dtx
  40586  07-02-00  17:19   source/latex/hyperref/ChangeLog
      0  12-25-00  20:51   source/latex/hyperref/doc/
    235  08-01-00  08:38   source/latex/hyperref/doc/.listing
 184049  06-27-99  23:00   source/latex/hyperref/doc/manual.pdf
   4163  10-12-99  23:00   source/latex/hyperref/doc/options.tex
 161506  10-12-99  23:00   source/latex/hyperref/doc/paper.pdf
 346068  10-12-99  23:00   source/latex/hyperref/doc/slides.pdf
   1094  05-17-00  11:41   source/latex/hyperref/hylatex.ltx
   1422  07-02-00  19:18   source/latex/hyperref/hyperref.drv
 355275  07-02-00  17:19   source/latex/hyperref/hyperref.dtx
   3212  07-01-00  07:20   source/latex/hyperref/hyperref.ins
   1916  05-17-00  11:41   source/latex/hyperref/Makefile
    312  12-23-99  11:14   source/latex/hyperref/Makefile.tetex
   2897  01-19-00  14:39   source/latex/hyperref/manifest.txt
  86550  05-31-99  19:03   source/latex/hyperref/minitoc-hyper.sty
  10634  05-17-00  11:41   source/latex/hyperref/nameref.dtx
   1633  08-04-00  06:48   source/latex/hyperref/nohyperref.sty
  33660  05-31-99  19:03   source/latex/hyperref/ntheorem-hyper.sty
   1292  03-01-00  22:57   source/latex/hyperref/readme.txt
      0  12-25-00  20:51   source/latex/hyperref/test/
   2532  08-01-00  08:38   source/latex/hyperref/test/.listing
     19  05-17-00  11:41   source/latex/hyperref/test/bit.tex
    396  05-17-00  11:41   source/latex/hyperref/test/bml.png
    405  05-17-00  11:41   source/latex/hyperref/test/bmoe.png
    452  05-17-00  11:41   source/latex/hyperref/test/bmsc.png
    396  05-17-00  11:41   source/latex/hyperref/test/bmyi.png
    402  05-17-00  11:41   source/latex/hyperref/test/bmzc.png
  13468  05-17-00  11:41   source/latex/hyperref/test/hog.eps
   5765  05-17-00  11:41   source/latex/hyperref/test/hog.pdf
    133  05-17-00  11:41   source/latex/hyperref/test/Makefile
  26655  05-17-00  11:41   source/latex/hyperref/test/phys1.jpg
  26058  05-17-00  11:41   source/latex/hyperref/test/phys2.jpg
  15925  05-17-00  11:41   source/latex/hyperref/test/picture.eps
   2064  05-17-00  11:41   source/latex/hyperref/test/picture.pdf
  18752  05-17-00  11:41   source/latex/hyperref/test/picture.png
      0  05-17-00  11:41   source/latex/hyperref/test/seminar.con
  18476  05-17-00  11:41   source/latex/hyperref/test/test0.dvi
   2450  05-17-00  11:41   source/latex/hyperref/test/test0.tex
   7627  05-17-00  11:41   source/latex/hyperref/test/test1.tex
   1244  05-17-00  11:41   source/latex/hyperref/test/test2.tex
  22439  05-17-00  11:41   source/latex/hyperref/test/test3.tex
    500  05-17-00  11:41   source/latex/hyperref/test/test4.tex
    407  05-17-00  11:41   source/latex/hyperref/test/test6.tex
  15420  05-17-00  11:41   source/latex/hyperref/test/test7.pdf
    186  05-17-00  11:41   source/latex/hyperref/test/test7.tex
    698  05-17-00  11:41   source/latex/hyperref/test/test8.tex
  12160  05-17-00  11:41   source/latex/hyperref/test/testams.tex
    121  05-17-00  11:41   source/latex/hyperref/test/testbib.bbl
    506  05-17-00  11:41   source/latex/hyperref/test/testbib.bib
   1870  05-17-00  11:41   source/latex/hyperref/test/testbib.tex
  12839  05-17-00  11:41   source/latex/hyperref/test/testbmgl.tex
    717  05-17-00  11:41   source/latex/hyperref/test/testbml.tex
    702  05-17-00  11:41   source/latex/hyperref/test/testbmoe.tex
    718  05-17-00  11:41   source/latex/hyperref/test/testbmsc.tex
  33201  05-17-00  11:41   source/latex/hyperref/test/testbmu.tex
    728  05-17-00  11:41   source/latex/hyperref/test/testbmyi.tex
    718  05-17-00  11:41   source/latex/hyperref/test/testbmzc.tex
    466  05-17-00  11:41   source/latex/hyperref/test/testbookmark.tex
   2023  05-17-00  11:41   source/latex/hyperref/test/testfor2.tex
   1559  05-17-00  11:41   source/latex/hyperref/test/testform.tex
   1530  05-17-00  11:41   source/latex/hyperref/test/testnb.tex
   1658  05-17-00  11:41   source/latex/hyperref/test/testoz.tex
   2172  05-17-00  11:41   source/latex/hyperref/test/testslide.tex
    196  05-17-00  11:41   source/latex/hyperref/test/testurl.bbl
    170  05-17-00  11:41   source/latex/hyperref/test/testurl.bib
    787  11-11-99  13:37   source/latex/hyperref/test/testurl.blg
    521  05-17-00  11:41   source/latex/hyperref/test/testurl.tex
    118  12-23-99  11:07   source/latex/hyperref/tetex.ins
   3830  03-22-00  06:55   source/latex/hyperref/xr-hyper.sty
   3178  07-01-00  09:04   source/latex/koma-script/00CONTEN
    108  07-01-00  09:04   source/latex/koma-script/00README
   4989  05-21-99  23:00   source/latex/koma-script/adrguide.tex
   3564  06-11-00  09:04   source/latex/koma-script/INSTALL.TXT
   4916  06-11-00  09:04   source/latex/koma-script/INSTALLD.TXT
  16773  07-13-00  06:07   source/latex/koma-script/komabug.tex
   2943  02-29-00  15:55   source/latex/koma-script/komascr.ins
   6871  02-29-00  15:55   source/latex/koma-script/LEGAL.TXT
   8136  06-11-00  09:13   source/latex/koma-script/LEGALDE.TXT
  10055  06-11-00  09:57   source/latex/koma-script/liesmich.txt
    845  08-04-00  07:06   source/latex/koma-script/Makefile.tetex
   8657  07-01-00  09:03   source/latex/koma-script/Makefile.unx
   9118  06-11-00  09:57   source/latex/koma-script/readme.txt
 152066  07-01-00  07:21   source/latex/koma-script/scrclass.dtx
   7334  02-29-00  15:55   source/latex/koma-script/scrclass.ins
      0  12-25-00  20:51   source/latex/koma-script/scrguide-english/
    241  08-01-00  08:39   source/latex/koma-script/scrguide-english/.listing
  88776  06-10-00  15:08   source/latex/koma-script/scrguide-english/screnggu.dvi
   7174  06-10-00  15:08   source/latex/koma-script/scrguide-english/screnggu.ind
 337725  06-10-00  15:08   source/latex/koma-script/scrguide-english/screnggu.ps
  49936  06-10-00  15:07   source/latex/koma-script/scrguide-english/screnggu.tex
    818  06-10-00  14:51   source/latex/koma-script/scrguide.ist
 426028  07-01-00  07:54   source/latex/koma-script/scrguide.pdf
 578875  07-01-00  07:53   source/latex/koma-script/scrguide.ps
 143291  07-01-00  07:53   source/latex/koma-script/scrguide.tex
   4344  02-29-00  15:55   source/latex/koma-script/script20.dtx
  80467  07-01-00  07:19   source/latex/koma-script/scrlettr.dtx
   4927  05-21-99  23:00   source/latex/koma-script/scrnew10.tex
   4838  05-21-99  23:00   source/latex/koma-script/scrnew11.tex
   4853  05-21-99  23:00   source/latex/koma-script/scrnew12.tex
   4300  05-21-99  23:00   source/latex/koma-script/scrnew13.tex
   4724  05-21-99  23:00   source/latex/koma-script/scrnew14.tex
   4324  05-21-99  23:00   source/latex/koma-script/scrnew15.tex
   8508  05-21-99  23:00   source/latex/koma-script/scrnew16.tex
   6162  12-29-99  16:00   source/latex/koma-script/scrnew17.tex
   6510  06-11-00  09:55   source/latex/koma-script/scrnew18.tex
  28377  02-29-00  15:55   source/latex/koma-script/scrpage.dtx
   3694  02-29-00  15:55   source/latex/koma-script/scrpage.ins
  16635  01-20-00  12:16   source/latex/koma-script/scrtime.dtx
   3799  02-29-00  15:55   source/latex/koma-script/scrtime.ins
   5566  05-21-99  23:00   source/latex/koma-script/scr_new1.tex
   4134  05-21-99  23:00   source/latex/koma-script/scr_new2.tex
   4904  05-21-99  23:00   source/latex/koma-script/scr_new3.tex
   4685  05-21-99  23:00   source/latex/koma-script/scr_new4.tex
   6098  05-21-99  23:00   source/latex/koma-script/scr_new5.tex
   4893  05-21-99  23:00   source/latex/koma-script/scr_new6.tex
   4864  05-21-99  23:00   source/latex/koma-script/scr_new7.tex
   4633  05-21-99  23:00   source/latex/koma-script/scr_new8.tex
   4973  05-21-99  23:00   source/latex/koma-script/scr_new9.tex
    117  08-09-95  19:36   source/latex/koma-script/tetex.ins
    883  03-18-99  15:00   source/latex/mflogo/CATALOGUE
   2432  03-18-99  15:00   source/latex/mflogo/Makefile
     89  04-10-99  10:20   source/latex/mflogo/Makefile.tetex
  15309  03-18-99  15:00   source/latex/mflogo/mflogo.dtx
    753  03-18-99  15:00   source/latex/mflogo/mflogo.ins
   5405  03-18-99  15:00   source/latex/mflogo/README
    116  01-02-95  22:12   source/latex/mflogo/tetex.ins
   1056  02-20-97  01:33   source/latex/ntgclass/00Contents
    895  03-14-99  23:45   source/latex/ntgclass/00readme.txt
  22028  01-13-00  12:08   source/latex/ntgclass/a4.dtx
   2385  01-13-00  12:08   source/latex/ntgclass/a4.ins
  26918  03-14-99  23:45   source/latex/ntgclass/artdoc.tex
  87595  01-13-00  12:08   source/latex/ntgclass/brief.dtx
   8333  03-14-99  23:45   source/latex/ntgclass/brief.tex
  12147  03-14-99  23:45   source/latex/ntgclass/briefdoc.tex
    661  03-14-99  23:45   source/latex/ntgclass/catalog.txt
  11886  03-14-99  23:45   source/latex/ntgclass/changes.txt
   6463  03-14-99  23:45   source/latex/ntgclass/classdoc.tex
    272  02-23-97  21:54   source/latex/ntgclass/Makefile.tetex
   1203  03-14-99  23:45   source/latex/ntgclass/manifest.txt
 175192  01-13-00  12:08   source/latex/ntgclass/ntgclass.dtx
   3229  01-13-00  12:08   source/latex/ntgclass/ntgclass.ins
   7045  03-01-97  23:34   source/latex/ntgclass/ntgclass.tex
   5009  02-18-97  21:29   source/latex/ntgclass/ntgstyle.tex
  27363  03-14-99  23:45   source/latex/ntgclass/rapdoc.tex
    138  03-31-96  19:27   source/latex/ntgclass/tetex.ins
   4424  07-08-97  23:00   source/latex/psnfss/8r.enc
   2373  03-30-99  09:14   source/latex/psnfss/adobe.dtx
   1313  07-08-97  23:00   source/latex/psnfss/adobe.ins
   2456  07-08-97  23:00   source/latex/psnfss/allpspk
   2602  03-30-99  09:14   source/latex/psnfss/alucida.dtx
    847  07-08-97  23:00   source/latex/psnfss/alucida.ins
   3741  01-06-98  13:26   source/latex/psnfss/charter.dtx
   1344  07-08-97  23:00   source/latex/psnfss/charter.ins
  52673  03-30-99  09:15   source/latex/psnfss/lucidabr.dtx
  10755  03-30-99  14:38   source/latex/psnfss/lucidabr.fdd
   1523  11-28-97  15:09   source/latex/psnfss/lucidabr.ins
   8299  01-22-98  10:02   source/latex/psnfss/lucidabr.txt
   1926  07-08-97  23:00   source/latex/psnfss/lucidabr.yy
    205  07-08-97  23:00   source/latex/psnfss/lw35nfss.txt
 804599  04-01-99  13:01   source/latex/psnfss/lw35nfss.zip
    389  07-08-97  23:00   source/latex/psnfss/makefile
    248  03-31-99  19:22   source/latex/psnfss/Makefile.tetex
    234  07-08-97  23:00   source/latex/psnfss/makepk
   2939  11-05-98  23:22   source/latex/psnfss/mathtest.tex
  42881  03-30-99  09:16   source/latex/psnfss/mathtime.dtx
   2048  07-08-97  23:00   source/latex/psnfss/mathtime.ins
   2609  07-08-97  23:00   source/latex/psnfss/mathtime.txt
   3132  03-31-99  20:05   source/latex/psnfss/mh2scr.enc
   8705  03-31-99  20:05   source/latex/psnfss/mtfonts.fdd
   5058  07-08-97  23:00   source/latex/psnfss/nimbus.dtx
   1647  07-08-97  23:00   source/latex/psnfss/nimbus.ins
   2080  07-08-97  23:00   source/latex/psnfss/pitest.tex
  18663  03-28-00  14:39   source/latex/psnfss/psfonts.dtx
    943  03-28-00  14:39   source/latex/psnfss/psfonts.ins
  10840  01-26-98  22:26   source/latex/psnfss/psnfss2e.tex
    963  01-21-98  00:00   source/latex/psnfss/readme
  23859  12-30-97  00:00   source/latex/psnfss/test0.pdf
  13709  09-28-97  23:00   source/latex/psnfss/test0.ps
   4886  11-19-97  09:40   source/latex/psnfss/test0.tex
  34176  07-08-97  23:00   source/latex/psnfss/test1.ps
   1235  07-08-97  23:00   source/latex/psnfss/test1.tex
    166  01-03-95  15:29   source/latex/psnfss/tetex.ins
   4803  07-08-97  23:00   source/latex/psnfss/utopia.dtx
   1338  07-08-97  23:00   source/latex/psnfss/utopia.ins
  14111  08-07-00  12:39   source/latex/tools/afterpage.dtx
 111773  08-07-00  12:39   source/latex/tools/array.dtx
  55460  08-07-00  12:39   source/latex/tools/bm.dtx
  39452  08-07-00  12:39   source/latex/tools/calc.dtx
  30418  08-23-00  20:59   source/latex/tools/changes.txt
  12408  08-07-00  12:39   source/latex/tools/dcolumn.dtx
   6829  08-07-00  12:39   source/latex/tools/delarray.dtx
  10644  08-07-00  12:39   source/latex/tools/enumerate.dtx
   5507  08-07-00  12:39   source/latex/tools/fileerr.dtx
  11703  08-07-00  12:39   source/latex/tools/fontsmpl.dtx
  38867  08-07-00  12:39   source/latex/tools/ftnright.dtx
  10787  08-07-00  12:39   source/latex/tools/hhline.dtx
   2246  08-07-00  12:39   source/latex/tools/indentfirst.dtx
  30401  08-07-00  12:39   source/latex/tools/layout.dtx
  71544  08-07-00  12:39   source/latex/tools/longtable.dtx
    929  03-26-99  07:16   source/latex/tools/Makefile.tetex
   2939  08-07-00  12:39   source/latex/tools/manifest.txt
 131791  08-07-00  12:39   source/latex/tools/multicol.dtx
   9004  08-07-00  12:39   source/latex/tools/rawfonts.dtx
   3839  08-07-00  12:39   source/latex/tools/readme.txt
  25845  08-07-00  12:39   source/latex/tools/showkeys.dtx
   5785  08-07-00  12:39   source/latex/tools/somedefs.dtx
  33120  08-07-00  12:39   source/latex/tools/tabularx.dtx
    115  01-02-95  10:04   source/latex/tools/tetex.ins
  44536  08-07-00  12:39   source/latex/tools/theorem.dtx
   5092  08-07-00  14:43   source/latex/tools/tools.ins
  68247  08-23-00  15:31   source/latex/tools/varioref.dtx
  72274  08-24-00  16:11   source/latex/tools/verbatim.dtx
   5367  08-07-00  12:39   source/latex/tools/xr.dtx
   4493  08-07-00  12:39   source/latex/tools/xspace.dtx
 ------                    -------
16643254                    855 files
