Archive:  F:/work/miktex/manufacture/urw.zip
 Length    Date    Time    Name
 ------    ----    ----    ----
    312  02-07-97  14:08   dvips/urw/uag.map
    516  02-07-97  14:08   dvips/urw/ubk.map
    312  02-07-97  14:08   dvips/urw/ucr.map
    312  02-07-97  14:08   dvips/urw/uhv.map
    500  02-07-97  14:08   dvips/urw/unc.map
    506  02-07-97  14:08   dvips/urw/upl.map
     28  02-07-97  14:08   dvips/urw/usy.map
    516  02-07-97  14:08   dvips/urw/utm.map
     83  02-07-97  14:08   dvips/urw/uzc.map
     24  02-07-97  14:08   dvips/urw/uzd.map
      0  12-25-00  20:51   fonts/afm/urw/antiqua/
  18854  07-09-97  17:18   fonts/afm/urw/antiqua/uaqr8ac.afm
      0  12-25-00  20:51   fonts/afm/urw/avantgar/
  27601  03-01-97  13:58   fonts/afm/urw/avantgar/uagb8a.afm
  27796  03-01-97  13:58   fonts/afm/urw/avantgar/uagbi8a.afm
  31647  12-29-99  01:19   fonts/afm/urw/avantgar/uagd8a.afm
  31840  12-29-99  01:19   fonts/afm/urw/avantgar/uagdo8a.afm
  31658  12-29-99  01:19   fonts/afm/urw/avantgar/uagk8a.afm
  31806  12-29-99  01:19   fonts/afm/urw/avantgar/uagko8a.afm
  27617  03-01-97  13:58   fonts/afm/urw/avantgar/uagr8a.afm
  27756  03-01-97  13:58   fonts/afm/urw/avantgar/uagri8a.afm
      0  12-25-00  20:51   fonts/afm/urw/bookman/
  27432  03-01-97  13:58   fonts/afm/urw/bookman/ubkb8a.afm
  27680  03-01-97  13:58   fonts/afm/urw/bookman/ubkbi8a.afm
  31448  12-29-99  01:19   fonts/afm/urw/bookman/ubkd8a.afm
  31720  12-29-99  01:19   fonts/afm/urw/bookman/ubkdi8a.afm
  31635  12-29-99  01:19   fonts/afm/urw/bookman/ubkl8a.afm
  31945  12-29-99  01:19   fonts/afm/urw/bookman/ubkli8a.afm
  27608  03-01-97  13:58   fonts/afm/urw/bookman/ubkr8a.afm
  27920  03-01-97  13:58   fonts/afm/urw/bookman/ubkri8a.afm
      0  12-25-00  20:51   fonts/afm/urw/courier/
  31779  12-29-99  01:19   fonts/afm/urw/courier/ucrb8a.afm
  31961  12-29-99  01:19   fonts/afm/urw/courier/ucrbo8a.afm
  31926  12-29-99  01:19   fonts/afm/urw/courier/ucrr8a.afm
  32136  12-29-99  01:19   fonts/afm/urw/courier/ucrro8a.afm
      0  12-25-00  20:51   fonts/afm/urw/grotesq/
  18707  07-09-97  17:18   fonts/afm/urw/grotesq/ugqb8a.afm
      0  12-25-00  20:51   fonts/afm/urw/helvetic/
  31595  12-29-99  01:19   fonts/afm/urw/helvetic/uhvb8a.afm
  31522  12-29-99  01:19   fonts/afm/urw/helvetic/uhvb8ac.afm
  27481  03-01-97  13:58   fonts/afm/urw/helvetic/uhvb8an.afm
  27850  03-01-97  13:58   fonts/afm/urw/helvetic/uhvbi8a.afm
  31901  12-29-99  01:19   fonts/afm/urw/helvetic/uhvbo8a.afm
  31807  12-29-99  01:19   fonts/afm/urw/helvetic/uhvbo8ac.afm
  27777  09-19-97  13:09   fonts/afm/urw/helvetic/uhvboc8a.afm
  27399  09-19-97  13:09   fonts/afm/urw/helvetic/uhvbrc8a.afm
  31763  12-29-99  01:19   fonts/afm/urw/helvetic/uhvr8a.afm
  31666  12-29-99  01:19   fonts/afm/urw/helvetic/uhvr8ac.afm
  27626  03-01-97  13:58   fonts/afm/urw/helvetic/uhvr8an.afm
  28063  03-01-97  13:58   fonts/afm/urw/helvetic/uhvri8a.afm
  27762  03-01-97  13:58   fonts/afm/urw/helvetic/uhvri8an.afm
  32114  12-29-99  01:19   fonts/afm/urw/helvetic/uhvro8a.afm
  31900  12-29-99  01:19   fonts/afm/urw/helvetic/uhvro8ac.afm
  27680  09-19-97  13:09   fonts/afm/urw/helvetic/uhvroc8a.afm
  27544  09-19-97  13:09   fonts/afm/urw/helvetic/uhvrrc8a.afm
      0  12-25-00  20:51   fonts/afm/urw/ncntrsbk/
  31616  12-29-99  01:19   fonts/afm/urw/ncntrsbk/uncb8a.afm
  31797  12-29-99  01:19   fonts/afm/urw/ncntrsbk/uncbi8a.afm
  31713  12-29-99  01:19   fonts/afm/urw/ncntrsbk/uncr8a.afm
  31826  12-29-99  01:19   fonts/afm/urw/ncntrsbk/uncri8a.afm
      0  12-25-00  20:51   fonts/afm/urw/nimbus/
  13345  07-09-97  17:18   fonts/afm/urw/nimbus/unmr8a.afm
  13218  08-15-95  01:40   fonts/afm/urw/nimbus/unmrs8a.afm
      0  12-25-00  20:51   fonts/afm/urw/palatino/
  31819  12-29-99  01:19   fonts/afm/urw/palatino/uplb8a.afm
  31528  12-29-99  01:19   fonts/afm/urw/palatino/uplbi8a.afm
  32062  12-29-99  01:19   fonts/afm/urw/palatino/uplr8a.afm
  31978  12-29-99  01:19   fonts/afm/urw/palatino/uplri8a.afm
      0  12-25-00  20:51   fonts/afm/urw/symbol/
   9686  12-29-99  01:19   fonts/afm/urw/symbol/usyr.afm
      0  12-25-00  20:51   fonts/afm/urw/times/
  31889  12-29-99  01:19   fonts/afm/urw/times/utmb8a.afm
  32028  12-29-99  01:19   fonts/afm/urw/times/utmbi8a.afm
  31943  12-29-99  01:19   fonts/afm/urw/times/utmr8a.afm
  31920  12-29-99  01:19   fonts/afm/urw/times/utmri8a.afm
      0  12-25-00  20:51   fonts/afm/urw/zapfchan/
  31836  12-29-99  01:19   fonts/afm/urw/zapfchan/uzcmi8a.afm
      0  12-25-00  20:51   fonts/afm/urw/zapfding/
   9381  12-29-99  01:19   fonts/afm/urw/zapfding/uzdr.afm
      0  12-25-00  20:51   fonts/tfm/urw/antiqua/
   4680  11-05-98  16:23   fonts/tfm/urw/antiqua/uaqrrc.tfm
      0  12-25-00  20:51   fonts/tfm/urw/avantgar/
   4344  11-05-98  16:23   fonts/tfm/urw/avantgar/uagb7t.tfm
   1356  11-05-98  16:23   fonts/tfm/urw/avantgar/uagb8c.tfm
  10604  11-05-98  16:23   fonts/tfm/urw/avantgar/uagb8r.tfm
  16880  11-05-98  16:23   fonts/tfm/urw/avantgar/uagb8t.tfm
   5352  11-05-98  16:23   fonts/tfm/urw/avantgar/uagbc7t.tfm
  39596  11-05-98  16:23   fonts/tfm/urw/avantgar/uagbc8t.tfm
   4632  11-05-98  16:23   fonts/tfm/urw/avantgar/uagbi7t.tfm
   1504  11-05-98  16:23   fonts/tfm/urw/avantgar/uagbi8c.tfm
  10888  11-05-98  16:23   fonts/tfm/urw/avantgar/uagbi8r.tfm
  17192  11-05-98  16:23   fonts/tfm/urw/avantgar/uagbi8t.tfm
   4408  11-05-98  16:23   fonts/tfm/urw/avantgar/uagbo7t.tfm
   1440  11-05-98  16:23   fonts/tfm/urw/avantgar/uagbo8c.tfm
  10736  11-05-98  16:23   fonts/tfm/urw/avantgar/uagbo8r.tfm
  16980  11-05-98  16:23   fonts/tfm/urw/avantgar/uagbo8t.tfm
   4344  11-05-98  16:23   fonts/tfm/urw/avantgar/uagd7t.tfm
   1356  11-05-98  16:23   fonts/tfm/urw/avantgar/uagd8c.tfm
  10604  11-05-98  16:23   fonts/tfm/urw/avantgar/uagd8r.tfm
  16880  11-05-98  16:23   fonts/tfm/urw/avantgar/uagd8t.tfm
   5352  11-05-98  16:23   fonts/tfm/urw/avantgar/uagdc7t.tfm
  39596  11-05-98  16:23   fonts/tfm/urw/avantgar/uagdc8t.tfm
   4632  11-05-98  16:23   fonts/tfm/urw/avantgar/uagdo7t.tfm
   1504  11-05-98  16:23   fonts/tfm/urw/avantgar/uagdo8c.tfm
  10888  11-05-98  16:23   fonts/tfm/urw/avantgar/uagdo8r.tfm
  17192  11-05-98  16:23   fonts/tfm/urw/avantgar/uagdo8t.tfm
   4576  11-05-98  16:23   fonts/tfm/urw/avantgar/uagk7t.tfm
   1400  11-05-98  16:23   fonts/tfm/urw/avantgar/uagk8c.tfm
  10840  11-05-98  16:23   fonts/tfm/urw/avantgar/uagk8r.tfm
  16932  11-05-98  16:23   fonts/tfm/urw/avantgar/uagk8t.tfm
   5440  11-05-98  16:23   fonts/tfm/urw/avantgar/uagkc7t.tfm
  38488  11-05-98  16:23   fonts/tfm/urw/avantgar/uagkc8t.tfm
   4776  11-05-98  16:23   fonts/tfm/urw/avantgar/uagko7t.tfm
   1528  11-05-98  16:23   fonts/tfm/urw/avantgar/uagko8c.tfm
  10960  11-05-98  16:23   fonts/tfm/urw/avantgar/uagko8r.tfm
  16836  11-05-98  16:23   fonts/tfm/urw/avantgar/uagko8t.tfm
   4576  11-05-98  16:23   fonts/tfm/urw/avantgar/uagr7t.tfm
   1400  11-05-98  16:23   fonts/tfm/urw/avantgar/uagr8c.tfm
  10840  11-05-98  16:23   fonts/tfm/urw/avantgar/uagr8r.tfm
  16932  11-05-98  16:23   fonts/tfm/urw/avantgar/uagr8t.tfm
   5440  11-05-98  16:23   fonts/tfm/urw/avantgar/uagrc7t.tfm
  38488  11-05-98  16:23   fonts/tfm/urw/avantgar/uagrc8t.tfm
   4776  11-05-98  16:23   fonts/tfm/urw/avantgar/uagri7t.tfm
   1528  11-05-98  16:23   fonts/tfm/urw/avantgar/uagri8c.tfm
  10960  11-05-98  16:23   fonts/tfm/urw/avantgar/uagri8r.tfm
  16836  11-05-98  16:23   fonts/tfm/urw/avantgar/uagri8t.tfm
   4644  11-05-98  16:23   fonts/tfm/urw/avantgar/uagro7t.tfm
   1488  11-05-98  16:23   fonts/tfm/urw/avantgar/uagro8c.tfm
  10976  11-05-98  16:23   fonts/tfm/urw/avantgar/uagro8r.tfm
  17036  11-05-98  16:23   fonts/tfm/urw/avantgar/uagro8t.tfm
      0  12-25-00  20:51   fonts/tfm/urw/bookman/
   4372  11-05-98  16:23   fonts/tfm/urw/bookman/ubkb7t.tfm
   1352  11-05-98  16:23   fonts/tfm/urw/bookman/ubkb8c.tfm
  10628  11-05-98  16:23   fonts/tfm/urw/bookman/ubkb8r.tfm
  16952  11-05-98  16:23   fonts/tfm/urw/bookman/ubkb8t.tfm
   5260  11-05-98  16:23   fonts/tfm/urw/bookman/ubkbc7t.tfm
  39432  11-05-98  16:23   fonts/tfm/urw/bookman/ubkbc8t.tfm
   4716  11-05-98  16:23   fonts/tfm/urw/bookman/ubkbi7t.tfm
   1496  11-05-98  16:23   fonts/tfm/urw/bookman/ubkbi8c.tfm
  11028  11-05-98  16:23   fonts/tfm/urw/bookman/ubkbi8r.tfm
  17340  11-05-98  16:23   fonts/tfm/urw/bookman/ubkbi8t.tfm
   4460  11-05-98  16:23   fonts/tfm/urw/bookman/ubkbo7t.tfm
   1456  11-05-98  16:23   fonts/tfm/urw/bookman/ubkbo8c.tfm
  10784  11-05-98  16:23   fonts/tfm/urw/bookman/ubkbo8r.tfm
  17076  11-05-98  16:23   fonts/tfm/urw/bookman/ubkbo8t.tfm
   4372  11-05-98  16:23   fonts/tfm/urw/bookman/ubkd7t.tfm
   1352  11-05-98  16:23   fonts/tfm/urw/bookman/ubkd8c.tfm
  10628  11-05-98  16:23   fonts/tfm/urw/bookman/ubkd8r.tfm
  16952  11-05-98  16:23   fonts/tfm/urw/bookman/ubkd8t.tfm
   5260  11-05-98  16:23   fonts/tfm/urw/bookman/ubkdc7t.tfm
  39432  11-05-98  16:23   fonts/tfm/urw/bookman/ubkdc8t.tfm
   4716  11-05-98  16:23   fonts/tfm/urw/bookman/ubkdi7t.tfm
   1496  11-05-98  16:23   fonts/tfm/urw/bookman/ubkdi8c.tfm
  11028  11-05-98  16:23   fonts/tfm/urw/bookman/ubkdi8r.tfm
  17340  11-05-98  16:23   fonts/tfm/urw/bookman/ubkdi8t.tfm
   4460  11-05-98  16:23   fonts/tfm/urw/bookman/ubkdo7t.tfm
   1456  11-05-98  16:23   fonts/tfm/urw/bookman/ubkdo8c.tfm
  10784  11-05-98  16:23   fonts/tfm/urw/bookman/ubkdo8r.tfm
  17076  11-05-98  16:23   fonts/tfm/urw/bookman/ubkdo8t.tfm
   4484  11-05-98  16:23   fonts/tfm/urw/bookman/ubkl7t.tfm
   1360  11-05-98  16:23   fonts/tfm/urw/bookman/ubkl8c.tfm
  10704  11-05-98  16:23   fonts/tfm/urw/bookman/ubkl8r.tfm
  16916  11-05-98  16:23   fonts/tfm/urw/bookman/ubkl8t.tfm
   5320  11-05-98  16:23   fonts/tfm/urw/bookman/ubklc7t.tfm
  38856  11-05-98  16:23   fonts/tfm/urw/bookman/ubklc8t.tfm
   4732  11-05-98  16:23   fonts/tfm/urw/bookman/ubkli7t.tfm
   1468  11-05-98  16:23   fonts/tfm/urw/bookman/ubkli8c.tfm
  11060  11-05-98  16:23   fonts/tfm/urw/bookman/ubkli8r.tfm
  17376  11-05-98  16:23   fonts/tfm/urw/bookman/ubkli8t.tfm
   4556  11-05-98  16:23   fonts/tfm/urw/bookman/ubklo7t.tfm
   1460  11-05-98  16:23   fonts/tfm/urw/bookman/ubklo8c.tfm
  10852  11-05-98  16:23   fonts/tfm/urw/bookman/ubklo8r.tfm
  17028  11-05-98  16:23   fonts/tfm/urw/bookman/ubklo8t.tfm
   4484  11-05-98  16:23   fonts/tfm/urw/bookman/ubkr7t.tfm
   1360  11-05-98  16:23   fonts/tfm/urw/bookman/ubkr8c.tfm
  10704  11-05-98  16:23   fonts/tfm/urw/bookman/ubkr8r.tfm
  16916  11-05-98  16:23   fonts/tfm/urw/bookman/ubkr8t.tfm
   5320  11-05-98  16:23   fonts/tfm/urw/bookman/ubkrc7t.tfm
  38856  11-05-98  16:23   fonts/tfm/urw/bookman/ubkrc8t.tfm
   4732  11-05-98  16:23   fonts/tfm/urw/bookman/ubkri7t.tfm
   1468  11-05-98  16:23   fonts/tfm/urw/bookman/ubkri8c.tfm
  11060  11-05-98  16:23   fonts/tfm/urw/bookman/ubkri8r.tfm
  17376  11-05-98  16:23   fonts/tfm/urw/bookman/ubkri8t.tfm
   4556  11-05-98  16:23   fonts/tfm/urw/bookman/ubkro7t.tfm
   1460  11-05-98  16:23   fonts/tfm/urw/bookman/ubkro8c.tfm
  10852  11-05-98  16:23   fonts/tfm/urw/bookman/ubkro8r.tfm
  17028  11-05-98  16:23   fonts/tfm/urw/bookman/ubkro8t.tfm
      0  12-25-00  20:51   fonts/tfm/urw/courier/
   1008  11-05-98  16:23   fonts/tfm/urw/courier/ucrb7t.tfm
   1280  11-05-98  16:23   fonts/tfm/urw/courier/ucrb8c.tfm
   1344  11-05-98  16:23   fonts/tfm/urw/courier/ucrb8r.tfm
   1408  11-05-98  16:23   fonts/tfm/urw/courier/ucrb8t.tfm
   1016  11-05-98  16:23   fonts/tfm/urw/courier/ucrbc7t.tfm
   1420  11-05-98  16:23   fonts/tfm/urw/courier/ucrbc8t.tfm
   1228  11-05-98  16:23   fonts/tfm/urw/courier/ucrbo7t.tfm
   1356  11-05-98  16:23   fonts/tfm/urw/courier/ucrbo8c.tfm
   1596  11-05-98  16:23   fonts/tfm/urw/courier/ucrbo8r.tfm
   1656  11-05-98  16:23   fonts/tfm/urw/courier/ucrbo8t.tfm
   1008  11-05-98  16:23   fonts/tfm/urw/courier/ucrr7t.tfm
   1280  11-05-98  16:23   fonts/tfm/urw/courier/ucrr8c.tfm
   1344  11-05-98  16:23   fonts/tfm/urw/courier/ucrr8r.tfm
   1408  11-05-98  16:23   fonts/tfm/urw/courier/ucrr8t.tfm
   1016  11-05-98  16:23   fonts/tfm/urw/courier/ucrrc7t.tfm
   1420  11-05-98  16:23   fonts/tfm/urw/courier/ucrrc8t.tfm
   1136  11-05-98  16:23   fonts/tfm/urw/courier/ucrro7t.tfm
   1324  11-05-98  16:23   fonts/tfm/urw/courier/ucrro8c.tfm
   1508  11-05-98  16:23   fonts/tfm/urw/courier/ucrro8r.tfm
   1556  11-05-98  16:23   fonts/tfm/urw/courier/ucrro8t.tfm
      0  12-25-00  20:51   fonts/tfm/urw/grotesq/
   3928  11-05-98  16:23   fonts/tfm/urw/grotesq/ugqb.tfm
   3744  11-05-98  16:23   fonts/tfm/urw/grotesq/ugqb7t.tfm
   1360  11-05-98  16:23   fonts/tfm/urw/grotesq/ugqb8c.tfm
   7308  11-05-98  16:23   fonts/tfm/urw/grotesq/ugqb8r.tfm
  11708  11-05-98  16:23   fonts/tfm/urw/grotesq/ugqb8t.tfm
   4484  11-05-98  16:23   fonts/tfm/urw/grotesq/ugqbc7t.tfm
  26432  11-05-98  16:23   fonts/tfm/urw/grotesq/ugqbc8t.tfm
   3828  11-05-98  16:23   fonts/tfm/urw/grotesq/ugqbo7t.tfm
   1460  11-05-98  16:23   fonts/tfm/urw/grotesq/ugqbo8c.tfm
   7448  11-05-98  16:23   fonts/tfm/urw/grotesq/ugqbo8r.tfm
  11824  11-05-98  16:23   fonts/tfm/urw/grotesq/ugqbo8t.tfm
      0  12-25-00  20:51   fonts/tfm/urw/helvetic/
   4260  11-05-98  16:23   fonts/tfm/urw/helvetic/uhvb7t.tfm
   4180  11-05-98  16:23   fonts/tfm/urw/helvetic/uhvb7tn.tfm
   1344  11-05-98  16:23   fonts/tfm/urw/helvetic/uhvb8c.tfm
   1344  11-05-98  16:23   fonts/tfm/urw/helvetic/uhvb8cn.tfm
  10572  11-05-98  16:23   fonts/tfm/urw/helvetic/uhvb8r.tfm
  10404  11-05-98  16:23   fonts/tfm/urw/helvetic/uhvb8rn.tfm
  16752  11-05-98  16:23   fonts/tfm/urw/helvetic/uhvb8t.tfm
  16484  11-05-98  16:23   fonts/tfm/urw/helvetic/uhvb8tn.tfm
   5236  11-05-98  16:23   fonts/tfm/urw/helvetic/uhvbc7t.tfm
   5108  11-05-98  16:23   fonts/tfm/urw/helvetic/uhvbc7tn.tfm
  39396  11-05-98  16:23   fonts/tfm/urw/helvetic/uhvbc8t.tfm
  38384  11-05-98  16:23   fonts/tfm/urw/helvetic/uhvbc8tn.tfm
   4540  11-05-98  16:23   fonts/tfm/urw/helvetic/uhvbi7t.tfm
   1492  11-05-98  16:23   fonts/tfm/urw/helvetic/uhvbi8c.tfm
  10808  11-05-98  16:23   fonts/tfm/urw/helvetic/uhvbi8r.tfm
  17040  11-05-98  16:23   fonts/tfm/urw/helvetic/uhvbi8t.tfm
   4540  11-05-98  16:23   fonts/tfm/urw/helvetic/uhvbo7t.tfm
   4264  11-05-98  16:23   fonts/tfm/urw/helvetic/uhvbo7tn.tfm
   1492  11-05-98  16:23   fonts/tfm/urw/helvetic/uhvbo8c.tfm
   1432  11-05-98  16:23   fonts/tfm/urw/helvetic/uhvbo8cn.tfm
  10808  11-05-98  16:23   fonts/tfm/urw/helvetic/uhvbo8r.tfm
  10540  11-05-98  16:23   fonts/tfm/urw/helvetic/uhvbo8rn.tfm
  17040  11-05-98  16:23   fonts/tfm/urw/helvetic/uhvbo8t.tfm
  16604  11-05-98  16:23   fonts/tfm/urw/helvetic/uhvbo8tn.tfm
   4292  11-05-98  16:23   fonts/tfm/urw/helvetic/uhvr7t.tfm
   4260  11-05-98  16:23   fonts/tfm/urw/helvetic/uhvr7tn.tfm
   1348  11-05-98  16:23   fonts/tfm/urw/helvetic/uhvr8c.tfm
   1344  11-05-98  16:23   fonts/tfm/urw/helvetic/uhvr8cn.tfm
  10644  11-05-98  16:23   fonts/tfm/urw/helvetic/uhvr8r.tfm
  10556  11-05-98  16:23   fonts/tfm/urw/helvetic/uhvr8rn.tfm
  16752  11-05-98  16:23   fonts/tfm/urw/helvetic/uhvr8t.tfm
  16832  11-05-98  16:23   fonts/tfm/urw/helvetic/uhvr8tn.tfm
   5272  11-05-98  16:23   fonts/tfm/urw/helvetic/uhvrc7t.tfm
   5224  11-05-98  16:23   fonts/tfm/urw/helvetic/uhvrc7tn.tfm
  38964  11-05-98  16:23   fonts/tfm/urw/helvetic/uhvrc8t.tfm
  39464  11-05-98  16:23   fonts/tfm/urw/helvetic/uhvrc8tn.tfm
   4644  11-05-98  16:23   fonts/tfm/urw/helvetic/uhvri7t.tfm
   4468  11-05-98  16:23   fonts/tfm/urw/helvetic/uhvri7tn.tfm
   1500  11-05-98  16:23   fonts/tfm/urw/helvetic/uhvri8c.tfm
   1516  11-05-98  16:23   fonts/tfm/urw/helvetic/uhvri8cn.tfm
  10996  11-05-98  16:23   fonts/tfm/urw/helvetic/uhvri8r.tfm
  10796  11-05-98  16:23   fonts/tfm/urw/helvetic/uhvri8rn.tfm
  17324  11-05-98  16:23   fonts/tfm/urw/helvetic/uhvri8t.tfm
  17112  11-05-98  16:23   fonts/tfm/urw/helvetic/uhvri8tn.tfm
   4644  11-05-98  16:23   fonts/tfm/urw/helvetic/uhvro7t.tfm
   4336  11-05-98  16:23   fonts/tfm/urw/helvetic/uhvro7tn.tfm
   1500  11-05-98  16:23   fonts/tfm/urw/helvetic/uhvro8c.tfm
   1420  11-05-98  16:23   fonts/tfm/urw/helvetic/uhvro8cn.tfm
  10996  11-05-98  16:23   fonts/tfm/urw/helvetic/uhvro8r.tfm
  10676  11-05-98  16:23   fonts/tfm/urw/helvetic/uhvro8rn.tfm
  17324  11-05-98  16:23   fonts/tfm/urw/helvetic/uhvro8t.tfm
  16936  11-05-98  16:23   fonts/tfm/urw/helvetic/uhvro8tn.tfm
      0  12-25-00  20:51   fonts/tfm/urw/ncntrsbk/
   4352  11-05-98  16:23   fonts/tfm/urw/ncntrsbk/uncb7t.tfm
   1336  11-05-98  16:23   fonts/tfm/urw/ncntrsbk/uncb8c.tfm
  10652  11-05-98  16:23   fonts/tfm/urw/ncntrsbk/uncb8r.tfm
  16932  11-05-98  16:23   fonts/tfm/urw/ncntrsbk/uncb8t.tfm
   5260  11-05-98  16:23   fonts/tfm/urw/ncntrsbk/uncbc7t.tfm
  39464  11-05-98  16:23   fonts/tfm/urw/ncntrsbk/uncbc8t.tfm
   4520  11-05-98  16:23   fonts/tfm/urw/ncntrsbk/uncbi7t.tfm
   1436  11-05-98  16:23   fonts/tfm/urw/ncntrsbk/uncbi8c.tfm
  10652  11-05-98  16:23   fonts/tfm/urw/ncntrsbk/uncbi8r.tfm
  16768  11-05-98  16:23   fonts/tfm/urw/ncntrsbk/uncbi8t.tfm
   4448  11-05-98  16:23   fonts/tfm/urw/ncntrsbk/uncbo7t.tfm
   1428  11-05-98  16:23   fonts/tfm/urw/ncntrsbk/uncbo8c.tfm
  10800  11-05-98  16:23   fonts/tfm/urw/ncntrsbk/uncbo8r.tfm
  17060  11-05-98  16:23   fonts/tfm/urw/ncntrsbk/uncbo8t.tfm
   4412  11-05-98  16:23   fonts/tfm/urw/ncntrsbk/uncr7t.tfm
   1332  11-05-98  16:23   fonts/tfm/urw/ncntrsbk/uncr8c.tfm
  10692  11-05-98  16:23   fonts/tfm/urw/ncntrsbk/uncr8r.tfm
  16960  11-05-98  16:23   fonts/tfm/urw/ncntrsbk/uncr8t.tfm
   5272  11-05-98  16:23   fonts/tfm/urw/ncntrsbk/uncrc7t.tfm
  39256  11-05-98  16:23   fonts/tfm/urw/ncntrsbk/uncrc8t.tfm
   4492  11-05-98  16:23   fonts/tfm/urw/ncntrsbk/uncri7t.tfm
   1412  11-05-98  16:23   fonts/tfm/urw/ncntrsbk/uncri8c.tfm
  10800  11-05-98  16:23   fonts/tfm/urw/ncntrsbk/uncri8r.tfm
  16888  11-05-98  16:23   fonts/tfm/urw/ncntrsbk/uncri8t.tfm
   4508  11-05-98  16:23   fonts/tfm/urw/ncntrsbk/uncro7t.tfm
   1428  11-05-98  16:23   fonts/tfm/urw/ncntrsbk/uncro8c.tfm
  10844  11-05-98  16:23   fonts/tfm/urw/ncntrsbk/uncro8r.tfm
  17084  11-05-98  16:23   fonts/tfm/urw/ncntrsbk/uncro8t.tfm
      0  12-25-00  20:51   fonts/tfm/urw/nimbus/
   1872  11-05-98  16:23   fonts/tfm/urw/nimbus/unmr.tfm
   1620  11-05-98  16:23   fonts/tfm/urw/nimbus/unmr7t.tfm
   1356  11-05-98  16:23   fonts/tfm/urw/nimbus/unmr8c.tfm
   2632  11-05-98  16:23   fonts/tfm/urw/nimbus/unmr8r.tfm
   3616  11-05-98  16:23   fonts/tfm/urw/nimbus/unmr8t.tfm
   1832  11-05-98  16:23   fonts/tfm/urw/nimbus/unmrc7t.tfm
   6320  11-05-98  16:23   fonts/tfm/urw/nimbus/unmrc8t.tfm
   1796  11-05-98  16:23   fonts/tfm/urw/nimbus/unmrcs7t.tfm
   6244  11-05-98  16:23   fonts/tfm/urw/nimbus/unmrcs8t.tfm
   1704  11-05-98  16:23   fonts/tfm/urw/nimbus/unmro7t.tfm
   1448  11-05-98  16:23   fonts/tfm/urw/nimbus/unmro8c.tfm
   2764  11-05-98  16:23   fonts/tfm/urw/nimbus/unmro8r.tfm
   3728  11-05-98  16:23   fonts/tfm/urw/nimbus/unmro8t.tfm
   1636  11-05-98  16:23   fonts/tfm/urw/nimbus/unmros7t.tfm
   1436  11-05-98  16:23   fonts/tfm/urw/nimbus/unmros8c.tfm
   2684  11-05-98  16:23   fonts/tfm/urw/nimbus/unmros8r.tfm
   3628  11-05-98  16:23   fonts/tfm/urw/nimbus/unmros8t.tfm
   1820  11-05-98  16:23   fonts/tfm/urw/nimbus/unmrs.tfm
   1572  11-05-98  16:23   fonts/tfm/urw/nimbus/unmrs7t.tfm
   1356  11-05-98  16:23   fonts/tfm/urw/nimbus/unmrs8c.tfm
   2568  11-05-98  16:23   fonts/tfm/urw/nimbus/unmrs8r.tfm
   3540  11-05-98  16:23   fonts/tfm/urw/nimbus/unmrs8t.tfm
      0  12-25-00  20:51   fonts/tfm/urw/palatino/
   4364  11-05-98  16:23   fonts/tfm/urw/palatino/uplb7t.tfm
   1340  11-05-98  16:23   fonts/tfm/urw/palatino/uplb8c.tfm
  10676  11-05-98  16:23   fonts/tfm/urw/palatino/uplb8r.tfm
  16992  11-05-98  16:23   fonts/tfm/urw/palatino/uplb8t.tfm
   5296  11-05-98  16:23   fonts/tfm/urw/palatino/uplbc7t.tfm
  39584  11-05-98  16:23   fonts/tfm/urw/palatino/uplbc8t.tfm
   4476  11-05-98  16:23   fonts/tfm/urw/palatino/uplbi7t.tfm
   1392  11-05-98  16:23   fonts/tfm/urw/palatino/uplbi8c.tfm
  10596  11-05-98  16:23   fonts/tfm/urw/palatino/uplbi8r.tfm
  16736  11-05-98  16:23   fonts/tfm/urw/palatino/uplbi8t.tfm
   4452  11-05-98  16:23   fonts/tfm/urw/palatino/uplbo7t.tfm
   1444  11-05-98  16:23   fonts/tfm/urw/palatino/uplbo8c.tfm
  10836  11-05-98  16:23   fonts/tfm/urw/palatino/uplbo8r.tfm
  17120  11-05-98  16:23   fonts/tfm/urw/palatino/uplbo8t.tfm
   4564  11-05-98  16:23   fonts/tfm/urw/palatino/uplr7t.tfm
   1344  11-05-98  16:23   fonts/tfm/urw/palatino/uplr8c.tfm
  10900  11-05-98  16:23   fonts/tfm/urw/palatino/uplr8r.tfm
  17184  11-05-98  16:23   fonts/tfm/urw/palatino/uplr8t.tfm
   5444  11-05-98  16:23   fonts/tfm/urw/palatino/uplrc7t.tfm
  39724  11-05-98  16:23   fonts/tfm/urw/palatino/uplrc8t.tfm
   4584  11-05-98  16:23   fonts/tfm/urw/palatino/uplri7t.tfm
   1380  11-05-98  16:23   fonts/tfm/urw/palatino/uplri8c.tfm
  10904  11-05-98  16:23   fonts/tfm/urw/palatino/uplri8r.tfm
  17248  11-05-98  16:23   fonts/tfm/urw/palatino/uplri8t.tfm
   4652  11-05-98  16:23   fonts/tfm/urw/palatino/uplro7t.tfm
   1436  11-05-98  16:23   fonts/tfm/urw/palatino/uplro8c.tfm
  11040  11-05-98  16:23   fonts/tfm/urw/palatino/uplro8r.tfm
  17304  11-05-98  16:23   fonts/tfm/urw/palatino/uplro8t.tfm
      0  12-25-00  20:51   fonts/tfm/urw/symbol/
   1400  11-05-98  16:23   fonts/tfm/urw/symbol/usyr.tfm
      0  12-25-00  20:51   fonts/tfm/urw/times/
   4340  11-05-98  16:23   fonts/tfm/urw/times/utmb7t.tfm
   1336  11-05-98  16:23   fonts/tfm/urw/times/utmb8c.tfm
  10644  11-05-98  16:23   fonts/tfm/urw/times/utmb8r.tfm
  16956  11-05-98  16:23   fonts/tfm/urw/times/utmb8t.tfm
   5268  11-05-98  16:23   fonts/tfm/urw/times/utmbc7t.tfm
  39436  11-05-98  16:23   fonts/tfm/urw/times/utmbc8t.tfm
   4460  11-05-98  16:23   fonts/tfm/urw/times/utmbi7t.tfm
   1416  11-05-98  16:23   fonts/tfm/urw/times/utmbi8c.tfm
  10772  11-05-98  16:23   fonts/tfm/urw/times/utmbi8r.tfm
  17032  11-05-98  16:23   fonts/tfm/urw/times/utmbi8t.tfm
   4428  11-05-98  16:23   fonts/tfm/urw/times/utmbo7t.tfm
   1432  11-05-98  16:23   fonts/tfm/urw/times/utmbo8c.tfm
  10796  11-05-98  16:23   fonts/tfm/urw/times/utmbo8r.tfm
  17080  11-05-98  16:23   fonts/tfm/urw/times/utmbo8t.tfm
   4380  11-05-98  16:23   fonts/tfm/urw/times/utmr7t.tfm
   1348  11-05-98  16:23   fonts/tfm/urw/times/utmr8c.tfm
  10672  11-05-98  16:23   fonts/tfm/urw/times/utmr8r.tfm
  16884  11-05-98  16:23   fonts/tfm/urw/times/utmr8t.tfm
   5244  11-05-98  16:23   fonts/tfm/urw/times/utmrc7t.tfm
  38864  11-05-98  16:23   fonts/tfm/urw/times/utmrc8t.tfm
   4484  11-05-98  16:23   fonts/tfm/urw/times/utmri7t.tfm
   1424  11-05-98  16:23   fonts/tfm/urw/times/utmri8c.tfm
  10856  11-05-98  16:23   fonts/tfm/urw/times/utmri8r.tfm
  17096  11-05-98  16:23   fonts/tfm/urw/times/utmri8t.tfm
   4472  11-05-98  16:23   fonts/tfm/urw/times/utmro7t.tfm
   1436  11-05-98  16:23   fonts/tfm/urw/times/utmro8c.tfm
  10820  11-05-98  16:23   fonts/tfm/urw/times/utmro8r.tfm
  17012  11-05-98  16:23   fonts/tfm/urw/times/utmro8t.tfm
      0  12-25-00  20:51   fonts/tfm/urw/zapfchan/
   4604  11-05-98  16:23   fonts/tfm/urw/zapfchan/uzcmi7t.tfm
   1524  11-05-98  16:23   fonts/tfm/urw/zapfchan/uzcmi8c.tfm
  10664  11-05-98  16:23   fonts/tfm/urw/zapfchan/uzcmi8r.tfm
  16864  11-05-98  16:23   fonts/tfm/urw/zapfchan/uzcmi8t.tfm
      0  12-25-00  20:51   fonts/tfm/urw/zapfding/
   1548  11-05-98  16:23   fonts/tfm/urw/zapfding/uzdr.tfm
      0  12-25-00  20:51   fonts/type1/urw/avantgar/
  36354  12-29-99  01:19   fonts/type1/urw/avantgar/uagd8a.pfb
   4682  12-29-99  01:19   fonts/type1/urw/avantgar/uagd8a.pfm
  36128  12-29-99  01:19   fonts/type1/urw/avantgar/uagdo8a.pfb
   4686  12-29-99  01:19   fonts/type1/urw/avantgar/uagdo8a.pfm
  34871  12-29-99  01:19   fonts/type1/urw/avantgar/uagk8a.pfb
   4679  12-29-99  01:19   fonts/type1/urw/avantgar/uagk8a.pfm
  35156  12-29-99  01:19   fonts/type1/urw/avantgar/uagko8a.pfb
   4683  12-29-99  01:19   fonts/type1/urw/avantgar/uagko8a.pfm
      0  12-25-00  20:51   fonts/type1/urw/bookman/
  44768  12-29-99  01:19   fonts/type1/urw/bookman/ubkd8a.pfb
   4685  12-29-99  01:19   fonts/type1/urw/bookman/ubkd8a.pfm
  44950  12-29-99  01:19   fonts/type1/urw/bookman/ubkdi8a.pfb
   4689  12-29-99  01:19   fonts/type1/urw/bookman/ubkdi8a.pfm
  44934  12-29-99  01:19   fonts/type1/urw/bookman/ubkl8a.pfb
   4681  12-29-99  01:19   fonts/type1/urw/bookman/ubkl8a.pfm
  44162  12-29-99  01:19   fonts/type1/urw/bookman/ubkli8a.pfb
   4685  12-29-99  01:19   fonts/type1/urw/bookman/ubkli8a.pfm
      0  12-25-00  20:51   fonts/type1/urw/courier/
  50493  12-29-99  01:19   fonts/type1/urw/courier/ucrb8a.pfb
   4679  12-29-99  01:19   fonts/type1/urw/courier/ucrb8a.pfm
  51527  12-29-99  01:19   fonts/type1/urw/courier/ucrbo8a.pfb
   4683  12-29-99  01:19   fonts/type1/urw/courier/ucrbo8a.pfm
  45758  12-29-99  01:19   fonts/type1/urw/courier/ucrr8a.pfb
   4679  12-29-99  01:19   fonts/type1/urw/courier/ucrr8a.pfm
  44404  12-29-99  01:19   fonts/type1/urw/courier/ucrro8a.pfb
   4683  12-29-99  01:19   fonts/type1/urw/courier/ucrro8a.pfm
      0  12-25-00  20:51   fonts/type1/urw/helvetic/
  35941  12-29-99  01:19   fonts/type1/urw/helvetic/uhvb8a.pfb
   4679  12-29-99  01:19   fonts/type1/urw/helvetic/uhvb8a.pfm
  37240  12-29-99  01:19   fonts/type1/urw/helvetic/uhvb8ac.pfb
  39013  12-29-99  01:19   fonts/type1/urw/helvetic/uhvbo8a.pfb
   4683  12-29-99  01:19   fonts/type1/urw/helvetic/uhvbo8a.pfm
  38310  12-29-99  01:19   fonts/type1/urw/helvetic/uhvbo8ac.pfb
  29308  10-28-97  12:04   fonts/type1/urw/helvetic/uhvboc8a.pfb
  27884  10-28-97  12:04   fonts/type1/urw/helvetic/uhvbrc8a.pfb
  36026  12-29-99  01:19   fonts/type1/urw/helvetic/uhvr8a.pfb
   4679  12-29-99  01:19   fonts/type1/urw/helvetic/uhvr8a.pfm
  36615  12-29-99  01:19   fonts/type1/urw/helvetic/uhvr8ac.pfb
  38314  12-29-99  01:19   fonts/type1/urw/helvetic/uhvro8a.pfb
   4683  12-29-99  01:19   fonts/type1/urw/helvetic/uhvro8a.pfm
  37247  12-29-99  01:19   fonts/type1/urw/helvetic/uhvro8ac.pfb
  28222  10-28-97  12:04   fonts/type1/urw/helvetic/uhvroc8a.pfb
  27330  10-28-97  12:04   fonts/type1/urw/helvetic/uhvrrc8a.pfb
      0  12-25-00  20:51   fonts/type1/urw/ncntrsbk/
  48864  12-29-99  01:19   fonts/type1/urw/ncntrsbk/uncb8a.pfb
   4681  12-29-99  01:19   fonts/type1/urw/ncntrsbk/uncb8a.pfm
  47083  12-29-99  01:19   fonts/type1/urw/ncntrsbk/uncbi8a.pfb
   4685  12-29-99  01:19   fonts/type1/urw/ncntrsbk/uncbi8a.pfm
  46830  12-29-99  01:19   fonts/type1/urw/ncntrsbk/uncr8a.pfb
   4681  12-29-99  01:19   fonts/type1/urw/ncntrsbk/uncr8a.pfm
  45832  12-29-99  01:19   fonts/type1/urw/ncntrsbk/uncri8a.pfb
   4681  12-29-99  01:19   fonts/type1/urw/ncntrsbk/uncri8a.pfm
      0  12-25-00  20:51   fonts/type1/urw/palatino/
  52406  12-29-99  01:19   fonts/type1/urw/palatino/uplb8a.pfb
   4683  12-29-99  01:19   fonts/type1/urw/palatino/uplb8a.pfm
  51285  12-29-99  01:19   fonts/type1/urw/palatino/uplbi8a.pfb
   4687  12-29-99  01:19   fonts/type1/urw/palatino/uplbi8a.pfm
  52665  12-29-99  01:19   fonts/type1/urw/palatino/uplr8a.pfb
   4683  12-29-99  01:19   fonts/type1/urw/palatino/uplr8a.pfm
  50022  12-29-99  01:19   fonts/type1/urw/palatino/uplri8a.pfb
   4683  12-29-99  01:19   fonts/type1/urw/palatino/uplri8a.pfm
      0  12-25-00  20:51   fonts/type1/urw/symbol/
  33709  12-29-99  01:19   fonts/type1/urw/symbol/usyr.pfb
    682  12-29-99  01:19   fonts/type1/urw/symbol/usyr.pfm
      0  12-25-00  20:51   fonts/type1/urw/times/
  44729  12-29-99  01:19   fonts/type1/urw/times/utmb8a.pfb
   4685  12-29-99  01:19   fonts/type1/urw/times/utmb8a.pfm
  44656  12-29-99  01:19   fonts/type1/urw/times/utmbi8a.pfb
   4689  12-29-99  01:19   fonts/type1/urw/times/utmbi8a.pfm
  46026  12-29-99  01:19   fonts/type1/urw/times/utmr8a.pfb
   4685  12-29-99  01:19   fonts/type1/urw/times/utmr8a.pfm
  45458  12-29-99  01:19   fonts/type1/urw/times/utmri8a.pfb
   4689  12-29-99  01:19   fonts/type1/urw/times/utmri8a.pfm
      0  12-25-00  20:51   fonts/type1/urw/uaq/
  38688  03-13-96  11:29   fonts/type1/urw/uaq/uaqr8ac.pfb
      0  12-25-00  20:51   fonts/type1/urw/ugq/
  29942  03-13-96  11:29   fonts/type1/urw/ugq/ugqb8a.pfb
      0  12-25-00  20:51   fonts/type1/urw/unm/
  38973  03-13-96  11:29   fonts/type1/urw/unm/unmr8a.pfb
      0  12-25-00  20:51   fonts/type1/urw/unms/
  29441  03-13-96  11:29   fonts/type1/urw/unms/unmrs8a.pfb
      0  12-25-00  20:51   fonts/type1/urw/zapfchan/
  49289  12-29-99  01:19   fonts/type1/urw/zapfchan/uzcmi8a.pfb
   4690  12-29-99  01:19   fonts/type1/urw/zapfchan/uzcmi8a.pfm
      0  12-25-00  20:51   fonts/type1/urw/zapfding/
  45955  12-29-99  01:19   fonts/type1/urw/zapfding/uzdr.pfb
    674  12-29-99  01:19   fonts/type1/urw/zapfding/uzdr.pfm
      0  12-25-00  20:51   fonts/vf/urw/antiqua/
   1604  11-05-98  16:23   fonts/vf/urw/antiqua/uaqrrc.vf
      0  12-25-00  20:51   fonts/vf/urw/avantgar/
   1380  11-05-98  16:23   fonts/vf/urw/avantgar/uagb7t.vf
   3560  11-05-98  16:23   fonts/vf/urw/avantgar/uagb8c.vf
   2352  11-05-98  16:23   fonts/vf/urw/avantgar/uagb8t.vf
   1948  11-05-98  16:23   fonts/vf/urw/avantgar/uagbc7t.vf
   3584  11-05-98  16:23   fonts/vf/urw/avantgar/uagbc8t.vf
   1384  11-05-98  16:23   fonts/vf/urw/avantgar/uagbi7t.vf
   3564  11-05-98  16:23   fonts/vf/urw/avantgar/uagbi8c.vf
   2356  11-05-98  16:23   fonts/vf/urw/avantgar/uagbi8t.vf
   1384  11-05-98  16:23   fonts/vf/urw/avantgar/uagbo7t.vf
   3564  11-05-98  16:23   fonts/vf/urw/avantgar/uagbo8c.vf
   2352  11-05-98  16:23   fonts/vf/urw/avantgar/uagbo8t.vf
   1380  11-05-98  16:23   fonts/vf/urw/avantgar/uagd7t.vf
   3560  11-05-98  16:23   fonts/vf/urw/avantgar/uagd8c.vf
   2352  11-05-98  16:23   fonts/vf/urw/avantgar/uagd8t.vf
   1948  11-05-98  16:23   fonts/vf/urw/avantgar/uagdc7t.vf
   3584  11-05-98  16:23   fonts/vf/urw/avantgar/uagdc8t.vf
   1384  11-05-98  16:23   fonts/vf/urw/avantgar/uagdo7t.vf
   3564  11-05-98  16:23   fonts/vf/urw/avantgar/uagdo8c.vf
   2356  11-05-98  16:23   fonts/vf/urw/avantgar/uagdo8t.vf
   1384  11-05-98  16:23   fonts/vf/urw/avantgar/uagk7t.vf
   3560  11-05-98  16:23   fonts/vf/urw/avantgar/uagk8c.vf
   2360  11-05-98  16:23   fonts/vf/urw/avantgar/uagk8t.vf
   1948  11-05-98  16:23   fonts/vf/urw/avantgar/uagkc7t.vf
   3592  11-05-98  16:23   fonts/vf/urw/avantgar/uagkc8t.vf
   1384  11-05-98  16:23   fonts/vf/urw/avantgar/uagko7t.vf
   3564  11-05-98  16:23   fonts/vf/urw/avantgar/uagko8c.vf
   2360  11-05-98  16:23   fonts/vf/urw/avantgar/uagko8t.vf
   1384  11-05-98  16:23   fonts/vf/urw/avantgar/uagr7t.vf
   3560  11-05-98  16:23   fonts/vf/urw/avantgar/uagr8c.vf
   2360  11-05-98  16:23   fonts/vf/urw/avantgar/uagr8t.vf
   1948  11-05-98  16:23   fonts/vf/urw/avantgar/uagrc7t.vf
   3592  11-05-98  16:23   fonts/vf/urw/avantgar/uagrc8t.vf
   1384  11-05-98  16:23   fonts/vf/urw/avantgar/uagri7t.vf
   3564  11-05-98  16:23   fonts/vf/urw/avantgar/uagri8c.vf
   2360  11-05-98  16:23   fonts/vf/urw/avantgar/uagri8t.vf
   1384  11-05-98  16:23   fonts/vf/urw/avantgar/uagro7t.vf
   3564  11-05-98  16:23   fonts/vf/urw/avantgar/uagro8c.vf
   2360  11-05-98  16:23   fonts/vf/urw/avantgar/uagro8t.vf
      0  12-25-00  20:51   fonts/vf/urw/bookman/
   1380  11-05-98  16:23   fonts/vf/urw/bookman/ubkb7t.vf
   3560  11-05-98  16:23   fonts/vf/urw/bookman/ubkb8c.vf
   2360  11-05-98  16:23   fonts/vf/urw/bookman/ubkb8t.vf
   1948  11-05-98  16:23   fonts/vf/urw/bookman/ubkbc7t.vf
   3596  11-05-98  16:23   fonts/vf/urw/bookman/ubkbc8t.vf
   1384  11-05-98  16:23   fonts/vf/urw/bookman/ubkbi7t.vf
   3564  11-05-98  16:23   fonts/vf/urw/bookman/ubkbi8c.vf
   2364  11-05-98  16:23   fonts/vf/urw/bookman/ubkbi8t.vf
   1384  11-05-98  16:23   fonts/vf/urw/bookman/ubkbo7t.vf
   3564  11-05-98  16:23   fonts/vf/urw/bookman/ubkbo8c.vf
   2360  11-05-98  16:23   fonts/vf/urw/bookman/ubkbo8t.vf
   1380  11-05-98  16:23   fonts/vf/urw/bookman/ubkd7t.vf
   3560  11-05-98  16:23   fonts/vf/urw/bookman/ubkd8c.vf
   2360  11-05-98  16:23   fonts/vf/urw/bookman/ubkd8t.vf
   1948  11-05-98  16:23   fonts/vf/urw/bookman/ubkdc7t.vf
   3596  11-05-98  16:23   fonts/vf/urw/bookman/ubkdc8t.vf
   1384  11-05-98  16:23   fonts/vf/urw/bookman/ubkdi7t.vf
   3564  11-05-98  16:23   fonts/vf/urw/bookman/ubkdi8c.vf
   2364  11-05-98  16:23   fonts/vf/urw/bookman/ubkdi8t.vf
   1384  11-05-98  16:23   fonts/vf/urw/bookman/ubkdo7t.vf
   3564  11-05-98  16:23   fonts/vf/urw/bookman/ubkdo8c.vf
   2360  11-05-98  16:23   fonts/vf/urw/bookman/ubkdo8t.vf
   1380  11-05-98  16:23   fonts/vf/urw/bookman/ubkl7t.vf
   3560  11-05-98  16:23   fonts/vf/urw/bookman/ubkl8c.vf
   2360  11-05-98  16:23   fonts/vf/urw/bookman/ubkl8t.vf
   1948  11-05-98  16:23   fonts/vf/urw/bookman/ubklc7t.vf
   3592  11-05-98  16:23   fonts/vf/urw/bookman/ubklc8t.vf
   1384  11-05-98  16:23   fonts/vf/urw/bookman/ubkli7t.vf
   3564  11-05-98  16:23   fonts/vf/urw/bookman/ubkli8c.vf
   2360  11-05-98  16:23   fonts/vf/urw/bookman/ubkli8t.vf
   1384  11-05-98  16:23   fonts/vf/urw/bookman/ubklo7t.vf
   3564  11-05-98  16:23   fonts/vf/urw/bookman/ubklo8c.vf
   2360  11-05-98  16:23   fonts/vf/urw/bookman/ubklo8t.vf
   1380  11-05-98  16:23   fonts/vf/urw/bookman/ubkr7t.vf
   3560  11-05-98  16:23   fonts/vf/urw/bookman/ubkr8c.vf
   2360  11-05-98  16:23   fonts/vf/urw/bookman/ubkr8t.vf
   1948  11-05-98  16:23   fonts/vf/urw/bookman/ubkrc7t.vf
   3592  11-05-98  16:23   fonts/vf/urw/bookman/ubkrc8t.vf
   1384  11-05-98  16:23   fonts/vf/urw/bookman/ubkri7t.vf
   3564  11-05-98  16:23   fonts/vf/urw/bookman/ubkri8c.vf
   2360  11-05-98  16:23   fonts/vf/urw/bookman/ubkri8t.vf
   1384  11-05-98  16:23   fonts/vf/urw/bookman/ubkro7t.vf
   3564  11-05-98  16:23   fonts/vf/urw/bookman/ubkro8c.vf
   2360  11-05-98  16:23   fonts/vf/urw/bookman/ubkro8t.vf
      0  12-25-00  20:51   fonts/vf/urw/courier/
   1368  11-05-98  16:23   fonts/vf/urw/courier/ucrb7t.vf
   3560  11-05-98  16:23   fonts/vf/urw/courier/ucrb8c.vf
   2192  11-05-98  16:23   fonts/vf/urw/courier/ucrb8t.vf
   1944  11-05-98  16:23   fonts/vf/urw/courier/ucrbc7t.vf
   3444  11-05-98  16:23   fonts/vf/urw/courier/ucrbc8t.vf
   1368  11-05-98  16:23   fonts/vf/urw/courier/ucrbo7t.vf
   3564  11-05-98  16:23   fonts/vf/urw/courier/ucrbo8c.vf
   2284  11-05-98  16:23   fonts/vf/urw/courier/ucrbo8t.vf
   1368  11-05-98  16:23   fonts/vf/urw/courier/ucrr7t.vf
   3560  11-05-98  16:23   fonts/vf/urw/courier/ucrr8c.vf
   2192  11-05-98  16:23   fonts/vf/urw/courier/ucrr8t.vf
   1944  11-05-98  16:23   fonts/vf/urw/courier/ucrrc7t.vf
   3444  11-05-98  16:23   fonts/vf/urw/courier/ucrrc8t.vf
   1368  11-05-98  16:23   fonts/vf/urw/courier/ucrro7t.vf
   3564  11-05-98  16:23   fonts/vf/urw/courier/ucrro8c.vf
   2284  11-05-98  16:23   fonts/vf/urw/courier/ucrro8t.vf
      0  12-25-00  20:51   fonts/vf/urw/grotesq/
   1512  11-05-98  16:23   fonts/vf/urw/grotesq/ugqb.vf
   1380  11-05-98  16:23   fonts/vf/urw/grotesq/ugqb7t.vf
   3568  11-05-98  16:23   fonts/vf/urw/grotesq/ugqb8c.vf
   2344  11-05-98  16:23   fonts/vf/urw/grotesq/ugqb8t.vf
   1948  11-05-98  16:23   fonts/vf/urw/grotesq/ugqbc7t.vf
   3580  11-05-98  16:23   fonts/vf/urw/grotesq/ugqbc8t.vf
   1384  11-05-98  16:23   fonts/vf/urw/grotesq/ugqbo7t.vf
   3572  11-05-98  16:23   fonts/vf/urw/grotesq/ugqbo8c.vf
   2348  11-05-98  16:23   fonts/vf/urw/grotesq/ugqbo8t.vf
      0  12-25-00  20:51   fonts/vf/urw/helvetic/
   1380  11-05-98  16:23   fonts/vf/urw/helvetic/uhvb7t.vf
   1384  11-05-98  16:23   fonts/vf/urw/helvetic/uhvb7tn.vf
   3560  11-05-98  16:23   fonts/vf/urw/helvetic/uhvb8c.vf
   3564  11-05-98  16:23   fonts/vf/urw/helvetic/uhvb8cn.vf
   2352  11-05-98  16:23   fonts/vf/urw/helvetic/uhvb8t.vf
   2356  11-05-98  16:23   fonts/vf/urw/helvetic/uhvb8tn.vf
   1948  11-05-98  16:23   fonts/vf/urw/helvetic/uhvbc7t.vf
   1948  11-05-98  16:23   fonts/vf/urw/helvetic/uhvbc7tn.vf
   3592  11-05-98  16:23   fonts/vf/urw/helvetic/uhvbc8t.vf
   3592  11-05-98  16:23   fonts/vf/urw/helvetic/uhvbc8tn.vf
   1384  11-05-98  16:23   fonts/vf/urw/helvetic/uhvbi7t.vf
   3564  11-05-98  16:23   fonts/vf/urw/helvetic/uhvbi8c.vf
   2356  11-05-98  16:23   fonts/vf/urw/helvetic/uhvbi8t.vf
   1384  11-05-98  16:23   fonts/vf/urw/helvetic/uhvbo7t.vf
   1384  11-05-98  16:23   fonts/vf/urw/helvetic/uhvbo7tn.vf
   3564  11-05-98  16:23   fonts/vf/urw/helvetic/uhvbo8c.vf
   3564  11-05-98  16:23   fonts/vf/urw/helvetic/uhvbo8cn.vf
   2356  11-05-98  16:23   fonts/vf/urw/helvetic/uhvbo8t.vf
   2356  11-05-98  16:23   fonts/vf/urw/helvetic/uhvbo8tn.vf
   1380  11-05-98  16:23   fonts/vf/urw/helvetic/uhvr7t.vf
   1384  11-05-98  16:23   fonts/vf/urw/helvetic/uhvr7tn.vf
   3560  11-05-98  16:23   fonts/vf/urw/helvetic/uhvr8c.vf
   3564  11-05-98  16:23   fonts/vf/urw/helvetic/uhvr8cn.vf
   2352  11-05-98  16:23   fonts/vf/urw/helvetic/uhvr8t.vf
   2348  11-05-98  16:23   fonts/vf/urw/helvetic/uhvr8tn.vf
   1948  11-05-98  16:23   fonts/vf/urw/helvetic/uhvrc7t.vf
   1948  11-05-98  16:23   fonts/vf/urw/helvetic/uhvrc7tn.vf
   3592  11-05-98  16:23   fonts/vf/urw/helvetic/uhvrc8t.vf
   3592  11-05-98  16:23   fonts/vf/urw/helvetic/uhvrc8tn.vf
   1384  11-05-98  16:23   fonts/vf/urw/helvetic/uhvri7t.vf
   1384  11-05-98  16:23   fonts/vf/urw/helvetic/uhvri7tn.vf
   3564  11-05-98  16:23   fonts/vf/urw/helvetic/uhvri8c.vf
   3564  11-05-98  16:23   fonts/vf/urw/helvetic/uhvri8cn.vf
   2356  11-05-98  16:23   fonts/vf/urw/helvetic/uhvri8t.vf
   2356  11-05-98  16:23   fonts/vf/urw/helvetic/uhvri8tn.vf
   1384  11-05-98  16:23   fonts/vf/urw/helvetic/uhvro7t.vf
   1384  11-05-98  16:23   fonts/vf/urw/helvetic/uhvro7tn.vf
   3564  11-05-98  16:23   fonts/vf/urw/helvetic/uhvro8c.vf
   3564  11-05-98  16:23   fonts/vf/urw/helvetic/uhvro8cn.vf
   2356  11-05-98  16:23   fonts/vf/urw/helvetic/uhvro8t.vf
   2356  11-05-98  16:23   fonts/vf/urw/helvetic/uhvro8tn.vf
      0  12-25-00  20:51   fonts/vf/urw/ncntrsbk/
   1380  11-05-98  16:23   fonts/vf/urw/ncntrsbk/uncb7t.vf
   3560  11-05-98  16:23   fonts/vf/urw/ncntrsbk/uncb8c.vf
   2360  11-05-98  16:23   fonts/vf/urw/ncntrsbk/uncb8t.vf
   1948  11-05-98  16:23   fonts/vf/urw/ncntrsbk/uncbc7t.vf
   3592  11-05-98  16:23   fonts/vf/urw/ncntrsbk/uncbc8t.vf
   1384  11-05-98  16:23   fonts/vf/urw/ncntrsbk/uncbi7t.vf
   3564  11-05-98  16:23   fonts/vf/urw/ncntrsbk/uncbi8c.vf
   2376  11-05-98  16:23   fonts/vf/urw/ncntrsbk/uncbi8t.vf
   1384  11-05-98  16:23   fonts/vf/urw/ncntrsbk/uncbo7t.vf
   3564  11-05-98  16:23   fonts/vf/urw/ncntrsbk/uncbo8c.vf
   2364  11-05-98  16:23   fonts/vf/urw/ncntrsbk/uncbo8t.vf
   1380  11-05-98  16:23   fonts/vf/urw/ncntrsbk/uncr7t.vf
   3560  11-05-98  16:23   fonts/vf/urw/ncntrsbk/uncr8c.vf
   2356  11-05-98  16:23   fonts/vf/urw/ncntrsbk/uncr8t.vf
   1948  11-05-98  16:23   fonts/vf/urw/ncntrsbk/uncrc7t.vf
   3588  11-05-98  16:23   fonts/vf/urw/ncntrsbk/uncrc8t.vf
   1384  11-05-98  16:23   fonts/vf/urw/ncntrsbk/uncri7t.vf
   3564  11-05-98  16:23   fonts/vf/urw/ncntrsbk/uncri8c.vf
   2376  11-05-98  16:23   fonts/vf/urw/ncntrsbk/uncri8t.vf
   1384  11-05-98  16:23   fonts/vf/urw/ncntrsbk/uncro7t.vf
   3564  11-05-98  16:23   fonts/vf/urw/ncntrsbk/uncro8c.vf
   2360  11-05-98  16:23   fonts/vf/urw/ncntrsbk/uncro8t.vf
      0  12-25-00  20:51   fonts/vf/urw/nimbus/
   1512  11-05-98  16:23   fonts/vf/urw/nimbus/unmr.vf
   1380  11-05-98  16:23   fonts/vf/urw/nimbus/unmr7t.vf
   3568  11-05-98  16:23   fonts/vf/urw/nimbus/unmr8c.vf
   2344  11-05-98  16:23   fonts/vf/urw/nimbus/unmr8t.vf
   1948  11-05-98  16:23   fonts/vf/urw/nimbus/unmrc7t.vf
   3588  11-05-98  16:23   fonts/vf/urw/nimbus/unmrc8t.vf
   1948  11-05-98  16:23   fonts/vf/urw/nimbus/unmrcs7t.vf
   3592  11-05-98  16:23   fonts/vf/urw/nimbus/unmrcs8t.vf
   1384  11-05-98  16:23   fonts/vf/urw/nimbus/unmro7t.vf
   3572  11-05-98  16:23   fonts/vf/urw/nimbus/unmro8c.vf
   2352  11-05-98  16:23   fonts/vf/urw/nimbus/unmro8t.vf
   1384  11-05-98  16:23   fonts/vf/urw/nimbus/unmros7t.vf
   3572  11-05-98  16:23   fonts/vf/urw/nimbus/unmros8c.vf
   2356  11-05-98  16:23   fonts/vf/urw/nimbus/unmros8t.vf
   1516  11-05-98  16:23   fonts/vf/urw/nimbus/unmrs.vf
   1384  11-05-98  16:23   fonts/vf/urw/nimbus/unmrs7t.vf
   3572  11-05-98  16:23   fonts/vf/urw/nimbus/unmrs8c.vf
   2348  11-05-98  16:23   fonts/vf/urw/nimbus/unmrs8t.vf
      0  12-25-00  20:51   fonts/vf/urw/palatino/
   1380  11-05-98  16:23   fonts/vf/urw/palatino/uplb7t.vf
   3560  11-05-98  16:23   fonts/vf/urw/palatino/uplb8c.vf
   2316  11-05-98  16:23   fonts/vf/urw/palatino/uplb8t.vf
   1948  11-05-98  16:23   fonts/vf/urw/palatino/uplbc7t.vf
   3592  11-05-98  16:23   fonts/vf/urw/palatino/uplbc8t.vf
   1388  11-05-98  16:23   fonts/vf/urw/palatino/uplbi7t.vf
   3564  11-05-98  16:23   fonts/vf/urw/palatino/uplbi8c.vf
   2372  11-05-98  16:23   fonts/vf/urw/palatino/uplbi8t.vf
   1384  11-05-98  16:23   fonts/vf/urw/palatino/uplbo7t.vf
   3564  11-05-98  16:23   fonts/vf/urw/palatino/uplbo8c.vf
   2324  11-05-98  16:23   fonts/vf/urw/palatino/uplbo8t.vf
   1380  11-05-98  16:23   fonts/vf/urw/palatino/uplr7t.vf
   3560  11-05-98  16:23   fonts/vf/urw/palatino/uplr8c.vf
   2324  11-05-98  16:23   fonts/vf/urw/palatino/uplr8t.vf
   1948  11-05-98  16:23   fonts/vf/urw/palatino/uplrc7t.vf
   3592  11-05-98  16:23   fonts/vf/urw/palatino/uplrc8t.vf
   1384  11-05-98  16:23   fonts/vf/urw/palatino/uplri7t.vf
   3564  11-05-98  16:23   fonts/vf/urw/palatino/uplri8c.vf
   2364  11-05-98  16:23   fonts/vf/urw/palatino/uplri8t.vf
   1384  11-05-98  16:23   fonts/vf/urw/palatino/uplro7t.vf
   3564  11-05-98  16:23   fonts/vf/urw/palatino/uplro8c.vf
   2324  11-05-98  16:23   fonts/vf/urw/palatino/uplro8t.vf
      0  12-25-00  20:51   fonts/vf/urw/times/
   1380  11-05-98  16:23   fonts/vf/urw/times/utmb7t.vf
   3560  11-05-98  16:23   fonts/vf/urw/times/utmb8c.vf
   2352  11-05-98  16:23   fonts/vf/urw/times/utmb8t.vf
   1948  11-05-98  16:23   fonts/vf/urw/times/utmbc7t.vf
   3584  11-05-98  16:23   fonts/vf/urw/times/utmbc8t.vf
   1384  11-05-98  16:23   fonts/vf/urw/times/utmbi7t.vf
   3564  11-05-98  16:23   fonts/vf/urw/times/utmbi8c.vf
   2364  11-05-98  16:23   fonts/vf/urw/times/utmbi8t.vf
   1384  11-05-98  16:23   fonts/vf/urw/times/utmbo7t.vf
   3564  11-05-98  16:23   fonts/vf/urw/times/utmbo8c.vf
   2356  11-05-98  16:23   fonts/vf/urw/times/utmbo8t.vf
   1380  11-05-98  16:23   fonts/vf/urw/times/utmr7t.vf
   3560  11-05-98  16:23   fonts/vf/urw/times/utmr8c.vf
   2348  11-05-98  16:23   fonts/vf/urw/times/utmr8t.vf
   1948  11-05-98  16:23   fonts/vf/urw/times/utmrc7t.vf
   3588  11-05-98  16:23   fonts/vf/urw/times/utmrc8t.vf
   1384  11-05-98  16:23   fonts/vf/urw/times/utmri7t.vf
   3564  11-05-98  16:23   fonts/vf/urw/times/utmri8c.vf
   2360  11-05-98  16:23   fonts/vf/urw/times/utmri8t.vf
   1384  11-05-98  16:23   fonts/vf/urw/times/utmro7t.vf
   3564  11-05-98  16:23   fonts/vf/urw/times/utmro8c.vf
   2356  11-05-98  16:23   fonts/vf/urw/times/utmro8t.vf
      0  12-25-00  20:51   fonts/vf/urw/zapfchan/
   1384  11-05-98  16:23   fonts/vf/urw/zapfchan/uzcmi7t.vf
   3564  11-05-98  16:23   fonts/vf/urw/zapfchan/uzcmi8c.vf
   2360  11-05-98  16:23   fonts/vf/urw/zapfchan/uzcmi8t.vf
 ------                    -------
6824380                    727 files
