Archive:  F:/work/miktex/manufacture/yandy.zip
 Length    Date    Time    Name
 ------    ----    ----    ----
   6363  02-14-97  17:58   dvips/ly1/texnansi.enc
      0  12-25-00  20:52   fonts/afm/yandy/lubright/
  14873  12-01-94  21:22   fonts/afm/yandy/lubright/lbd.afm
  14961  12-01-94  21:22   fonts/afm/yandy/lubright/lbdi.afm
  14596  06-01-95  22:32   fonts/afm/yandy/lubright/lbdsc.afm
  15008  12-01-94  21:22   fonts/afm/yandy/lubright/lbi.afm
  14799  12-01-94  21:22   fonts/afm/yandy/lubright/lbr.afm
  14647  06-01-95  22:32   fonts/afm/yandy/lubright/lbrsc.afm
  15055  12-01-94  21:21   fonts/afm/yandy/lubright/lbsl.afm
      0  12-25-00  20:52   fonts/afm/yandy/lucida/
  14972  12-01-94  21:21   fonts/afm/yandy/lucida/lbc.afm
  15004  07-24-94  09:34   fonts/afm/yandy/lucida/lbh.afm
  19042  06-16-95  09:52   fonts/afm/yandy/lucida/lbki.afm
  18908  06-16-95  09:52   fonts/afm/yandy/lucida/lbkr.afm
  14893  12-01-94  21:21   fonts/afm/yandy/lucida/lbl.afm
  14766  12-25-94  14:20   fonts/afm/yandy/lucida/lbtb.afm
  14800  12-25-94  14:20   fonts/afm/yandy/lucida/lbtbo.afm
  14833  11-12-94  11:46   fonts/afm/yandy/lucida/lbto.afm
  14753  11-12-94  11:45   fonts/afm/yandy/lucida/lbtr.afm
      0  12-25-00  20:52   fonts/afm/yandy/lucidfax/
  14545  12-01-94  21:22   fonts/afm/yandy/lucidfax/lfd.afm
  14657  12-01-94  21:22   fonts/afm/yandy/lucidfax/lfdi.afm
  14652  12-01-94  21:22   fonts/afm/yandy/lucidfax/lfi.afm
  14526  12-01-94  21:22   fonts/afm/yandy/lucidfax/lfr.afm
      0  12-25-00  20:52   fonts/afm/yandy/lucsans/
  14887  01-10-95  08:13   fonts/afm/yandy/lucsans/lsb.afm
  14965  01-10-95  08:38   fonts/afm/yandy/lucsans/lsbi.afm
  14736  08-11-93  16:48   fonts/afm/yandy/lucsans/lsd.afm
  14895  08-11-93  16:54   fonts/afm/yandy/lucsans/lsdi.afm
  14882  08-11-93  16:51   fonts/afm/yandy/lucsans/lsi.afm
  14753  08-11-93  16:47   fonts/afm/yandy/lucsans/lsr.afm
  14801  12-06-93  17:33   fonts/afm/yandy/lucsans/lstb.afm
  14903  12-06-93  17:34   fonts/afm/yandy/lucsans/lstbo.afm
  14914  02-26-95  12:02   fonts/afm/yandy/lucsans/lsto.afm
  14817  02-26-95  12:02   fonts/afm/yandy/lucsans/lstr.afm
      0  12-25-00  20:52   fonts/afm/yandy/lumath/
  12753  01-26-95  22:03   fonts/afm/yandy/lumath/lbma.afm
  12586  01-28-95  11:29   fonts/afm/yandy/lumath/lbmad.afm
  12667  01-28-95  11:29   fonts/afm/yandy/lumath/lbmadtex.afm
  12856  01-26-95  22:03   fonts/afm/yandy/lumath/lbmatex.afm
  11378  01-12-95  16:58   fonts/afm/yandy/lumath/lbmd.afm
  11437  01-12-95  16:58   fonts/afm/yandy/lumath/lbmdi.afm
  13091  01-12-95  16:58   fonts/afm/yandy/lumath/lbmditex.afm
  11524  03-12-95  12:03   fonts/afm/yandy/lumath/lbmdo.afm
  13072  03-12-95  12:03   fonts/afm/yandy/lumath/lbmdotex.afm
  12716  01-12-95  11:54   fonts/afm/yandy/lumath/lbmdtex.afm
  14542  03-26-93  17:08   fonts/afm/yandy/lumath/lbme.afm
  14617  11-17-93  17:22   fonts/afm/yandy/lumath/lbmetex.afm
  11633  07-17-94  16:52   fonts/afm/yandy/lumath/lbmi.afm
  13274  02-26-94  08:39   fonts/afm/yandy/lumath/lbmitex.afm
  11744  10-18-94  16:19   fonts/afm/yandy/lumath/lbmo.afm
  13385  10-15-94  09:50   fonts/afm/yandy/lumath/lbmotex.afm
  11488  11-03-94  09:34   fonts/afm/yandy/lumath/lbmr.afm
  12849  01-15-95  16:32   fonts/afm/yandy/lumath/lbmrtex.afm
  12346  01-22-93  08:35   fonts/afm/yandy/lumath/lbms.afm
  12432  01-15-95  16:50   fonts/afm/yandy/lumath/lbmsd.afm
  13030  01-15-95  16:54   fonts/afm/yandy/lumath/lbmsdtex.afm
  12918  01-22-93  08:37   fonts/afm/yandy/lumath/lbmstex.afm
      0  12-25-00  20:52   fonts/afm/yandy/mathplus/
   7643  12-25-96  15:27   fonts/afm/yandy/mathplus/mtexb.afm
   7696  12-26-96  09:57   fonts/afm/yandy/mathplus/mtexh.afm
   2727  08-20-96  10:18   fonts/afm/yandy/mathplus/mtgu.afm
   2724  08-20-96  10:17   fonts/afm/yandy/mathplus/mtgub.afm
   3424  03-17-97  22:57   fonts/afm/yandy/mathplus/mtls.afm
   3433  03-17-97  22:57   fonts/afm/yandy/mathplus/mtlsb.afm
  25032  08-26-96  20:01   fonts/afm/yandy/mathplus/mtmib.afm
  25058  08-26-96  20:00   fonts/afm/yandy/mathplus/mtmih.afm
   3372  08-06-96  11:50   fonts/afm/yandy/mathplus/mtms.afm
   3377  08-06-96  11:50   fonts/afm/yandy/mathplus/mtmsb.afm
  19415  08-26-96  20:02   fonts/afm/yandy/mathplus/mtmub.afm
  19429  08-26-96  20:01   fonts/afm/yandy/mathplus/mtmuh.afm
   7077  08-26-96  20:02   fonts/afm/yandy/mathplus/mtsyb.afm
   7096  08-26-96  20:02   fonts/afm/yandy/mathplus/mtsyh.afm
   7000  08-26-96  20:01   fonts/afm/yandy/mathplus/mtsyn.afm
   4070  08-26-96  20:02   fonts/afm/yandy/mathplus/rmtmib.afm
   4091  08-26-96  20:01   fonts/afm/yandy/mathplus/rmtmih.afm
   4074  08-26-96  20:02   fonts/afm/yandy/mathplus/rmtmub.afm
   4088  08-26-96  20:01   fonts/afm/yandy/mathplus/rmtmuh.afm
      0  12-25-00  20:52   fonts/afm/yandy/mathtime/
   7756  06-27-93  16:58   fonts/afm/yandy/mathtime/mtex.afm
  22827  06-01-93  08:38   fonts/afm/yandy/mathtime/mtmi.afm
   6596  06-01-93  08:38   fonts/afm/yandy/mathtime/mtsy.afm
   4094  06-01-93  08:38   fonts/afm/yandy/mathtime/rmtmi.afm
      0  12-25-00  20:52   fonts/tfm/yandy/courier/
   1540  06-11-96  07:18   fonts/tfm/yandy/courier/cob.tfm
   1792  06-11-96  07:18   fonts/tfm/yandy/courier/cobo.tfm
   1540  06-11-96  07:18   fonts/tfm/yandy/courier/com.tfm
   1792  06-11-96  07:18   fonts/tfm/yandy/courier/coo.tfm
   1540  06-11-96  07:18   fonts/tfm/yandy/courier/pcrb8y.tfm
   1792  06-11-96  07:18   fonts/tfm/yandy/courier/pcrbo8y.tfm
   1540  06-11-96  07:18   fonts/tfm/yandy/courier/pcrr8y.tfm
   1792  06-11-96  07:18   fonts/tfm/yandy/courier/pcrro8y.tfm
      0  12-25-00  20:52   fonts/tfm/yandy/lubright/
   1976  06-12-96  11:55   fonts/tfm/yandy/lubright/lbd.tfm
   2176  06-12-96  11:55   fonts/tfm/yandy/lubright/lbdi.tfm
   2060  06-12-96  11:50   fonts/tfm/yandy/lubright/lbdsc.tfm
   2152  06-12-96  11:55   fonts/tfm/yandy/lubright/lbi.tfm
   2008  06-12-96  11:55   fonts/tfm/yandy/lubright/lbr.tfm
   2060  06-12-96  11:50   fonts/tfm/yandy/lubright/lbrsc.tfm
   2144  06-12-96  11:55   fonts/tfm/yandy/lubright/lbsl.tfm
      0  12-25-00  20:52   fonts/tfm/yandy/lucida/
   2256  06-12-96  11:55   fonts/tfm/yandy/lucida/lbc.tfm
   2192  06-12-96  11:55   fonts/tfm/yandy/lucida/lbh.tfm
   2164  06-12-96  11:50   fonts/tfm/yandy/lucida/lbki.tfm
   2024  06-12-96  11:50   fonts/tfm/yandy/lucida/lbkr.tfm
   2096  06-12-96  11:55   fonts/tfm/yandy/lucida/lbl.tfm
   1520  06-12-96  11:50   fonts/tfm/yandy/lucida/lbtb.tfm
   1772  06-12-96  11:50   fonts/tfm/yandy/lucida/lbtbo.tfm
   1780  06-12-96  11:50   fonts/tfm/yandy/lucida/lbto.tfm
   1528  06-12-96  11:50   fonts/tfm/yandy/lucida/lbtr.tfm
      0  12-25-00  20:52   fonts/tfm/yandy/lucidfax/
   1996  06-12-96  11:55   fonts/tfm/yandy/lucidfax/lfd.tfm
   2152  06-12-96  11:55   fonts/tfm/yandy/lucidfax/lfdi.tfm
   2104  06-12-96  11:55   fonts/tfm/yandy/lucidfax/lfi.tfm
   1928  06-12-96  11:55   fonts/tfm/yandy/lucidfax/lfr.tfm
      0  12-25-00  20:52   fonts/tfm/yandy/lucsans/
   1940  06-12-96  11:50   fonts/tfm/yandy/lucsans/lsb.tfm
   2112  06-12-96  11:50   fonts/tfm/yandy/lucsans/lsbi.tfm
   1992  06-12-96  11:55   fonts/tfm/yandy/lucsans/lsd.tfm
   2152  06-12-96  11:55   fonts/tfm/yandy/lucsans/lsdi.tfm
   2100  06-12-96  11:55   fonts/tfm/yandy/lucsans/lsi.tfm
   1984  06-12-96  11:55   fonts/tfm/yandy/lucsans/lsr.tfm
   1516  06-12-96  11:55   fonts/tfm/yandy/lucsans/lstb.tfm
   1768  06-12-96  11:55   fonts/tfm/yandy/lucsans/lstbo.tfm
   1772  06-12-96  11:55   fonts/tfm/yandy/lucsans/lsto.tfm
   1520  06-12-96  11:55   fonts/tfm/yandy/lucsans/lstr.tfm
      0  12-25-00  20:52   fonts/tfm/yandy/lumath/
   1496  01-15-95  21:29   fonts/tfm/yandy/lumath/lbma.tfm
   1524  01-28-95  10:30   fonts/tfm/yandy/lumath/lbmad.tfm
   2340  01-15-95  15:05   fonts/tfm/yandy/lumath/lbmd.tfm
   2496  01-15-95  14:33   fonts/tfm/yandy/lumath/lbmdi.tfm
   2496  01-15-95  14:34   fonts/tfm/yandy/lumath/lbmdo.tfm
   1752  01-15-95  21:29   fonts/tfm/yandy/lumath/lbme.tfm
   2368  01-15-95  21:29   fonts/tfm/yandy/lumath/lbmi.tfm
   2420  01-15-95  21:29   fonts/tfm/yandy/lumath/lbmo.tfm
   2296  01-15-95  15:05   fonts/tfm/yandy/lumath/lbmr.tfm
   1824  01-15-95  21:29   fonts/tfm/yandy/lumath/lbms.tfm
   1852  05-15-96  04:45   fonts/tfm/yandy/lumath/lbmsd.tfm
      0  12-25-00  20:52   fonts/tfm/yandy/mathpi/
   1248  05-23-93  08:23   fonts/tfm/yandy/mathpi/mh1.tfm
   1268  05-23-93  08:23   fonts/tfm/yandy/mathpi/mh2.tfm
   1284  05-23-93  08:23   fonts/tfm/yandy/mathpi/mh3.tfm
   1264  05-23-93  08:23   fonts/tfm/yandy/mathpi/mh4.tfm
   1240  05-23-93  08:23   fonts/tfm/yandy/mathpi/mh5.tfm
   1204  05-23-93  08:23   fonts/tfm/yandy/mathpi/mh6.tfm
      0  12-25-00  20:52   fonts/tfm/yandy/mathplus/
   1236  08-26-96  18:47   fonts/tfm/yandy/mathplus/mtexb.tfm
   1224  12-26-96  13:16   fonts/tfm/yandy/mathplus/mtexh.tfm
    868  08-21-96  06:58   fonts/tfm/yandy/mathplus/mtgu.tfm
    844  08-21-96  06:58   fonts/tfm/yandy/mathplus/mtgub.tfm
   1148  03-26-97  07:08   fonts/tfm/yandy/mathplus/mtls.tfm
   1176  03-26-97  07:08   fonts/tfm/yandy/mathplus/mtlsb.tfm
   6468  08-26-96  18:47   fonts/tfm/yandy/mathplus/mtmib.tfm
   6468  08-26-96  18:47   fonts/tfm/yandy/mathplus/mtmih.tfm
   1164  08-21-96  06:58   fonts/tfm/yandy/mathplus/mtms.tfm
   1184  08-21-96  06:58   fonts/tfm/yandy/mathplus/mtmsb.tfm
   5096  08-26-96  18:47   fonts/tfm/yandy/mathplus/mtmub.tfm
   5224  12-26-96  13:14   fonts/tfm/yandy/mathplus/mtmuh.tfm
   1116  12-26-96  13:01   fonts/tfm/yandy/mathplus/mtsyb.tfm
   1128  12-26-96  13:11   fonts/tfm/yandy/mathplus/mtsyh.tfm
   1088  12-26-96  13:11   fonts/tfm/yandy/mathplus/mtsyn.tfm
   1296  08-06-96  14:58   fonts/tfm/yandy/mathplus/rmtmib.tfm
   1304  08-06-96  14:58   fonts/tfm/yandy/mathplus/rmtmih.tfm
   1228  08-06-96  14:58   fonts/tfm/yandy/mathplus/rmtmub.tfm
   1232  08-06-96  14:58   fonts/tfm/yandy/mathplus/rmtmuh.tfm
      0  12-25-00  20:52   fonts/tfm/yandy/mathtime/
   1204  05-26-99  16:10   fonts/tfm/yandy/mathtime/mtex.tfm
   6428  06-24-93  20:24   fonts/tfm/yandy/mathtime/mtmi.tfm
   1032  05-09-93  10:09   fonts/tfm/yandy/mathtime/mtsy.tfm
   1076  05-09-93  10:57   fonts/tfm/yandy/mathtime/rmtmi.tfm
      0  12-25-00  20:52   fonts/tfm/yandy/symbol/
   1528  05-19-93  07:11   fonts/tfm/yandy/symbol/sy.tfm
      0  12-25-00  20:52   fonts/tfm/yandy/times/
   2948  06-11-96  07:19   fonts/tfm/yandy/times/ptmb8y.tfm
  16076  09-27-98  11:31   fonts/tfm/yandy/times/ptmbc8y.tfm
   2716  06-11-96  07:19   fonts/tfm/yandy/times/ptmbi8y.tfm
   3024  08-11-96  10:43   fonts/tfm/yandy/times/ptmbo8y.tfm
   2680  06-11-96  07:19   fonts/tfm/yandy/times/ptmr8y.tfm
  15948  09-27-98  11:31   fonts/tfm/yandy/times/ptmrc8y.tfm
   2992  06-11-96  07:19   fonts/tfm/yandy/times/ptmri8y.tfm
   2772  06-11-96  07:19   fonts/tfm/yandy/times/ptmro8y.tfm
   2948  06-11-96  07:19   fonts/tfm/yandy/times/tib.tfm
   2716  06-11-96  07:19   fonts/tfm/yandy/times/tibi.tfm
   3024  08-11-96  10:43   fonts/tfm/yandy/times/tibo.tfm
  16076  09-27-98  11:31   fonts/tfm/yandy/times/tibsc.tfm
   2992  06-11-96  07:19   fonts/tfm/yandy/times/tii.tfm
   2772  08-11-96  10:43   fonts/tfm/yandy/times/tio.tfm
   2680  06-11-96  07:19   fonts/tfm/yandy/times/tir.tfm
  15948  09-27-98  11:31   fonts/tfm/yandy/times/tirsc.tfm
      0  12-25-00  20:52   fonts/tfm/yandy/zapfding/
   1472  11-24-90  11:09   fonts/tfm/yandy/zapfding/zd.tfm
      0  12-25-00  20:52   fonts/vf/yandy/mathplus/
   1072  11-22-97  19:18   fonts/vf/yandy/mathplus/mtmib.vf
   1072  11-22-97  19:18   fonts/vf/yandy/mathplus/mtmih.vf
   1072  11-22-97  19:18   fonts/vf/yandy/mathplus/mtmub.vf
   1072  11-22-97  19:19   fonts/vf/yandy/mathplus/mtmuh.vf
      0  12-25-00  20:52   fonts/vf/yandy/mathtime/
   1020  11-22-97  19:17   fonts/vf/yandy/mathtime/mtmi.vf
      0  12-25-00  20:52   fonts/vf/yandy/times/
   2708  09-27-98  11:31   fonts/vf/yandy/times/ptmbc8y.vf
   2708  09-27-98  11:31   fonts/vf/yandy/times/ptmrc8y.vf
   2708  09-27-98  11:31   fonts/vf/yandy/times/tibsc.vf
   2708  09-27-98  11:31   fonts/vf/yandy/times/tirsc.vf
      0  12-25-00  20:52   fonts/tfm/bh/helvetic/
   3184  06-11-96  07:18   fonts/tfm/bh/helvetic/hv.tfm
   2996  06-11-96  07:17   fonts/tfm/bh/helvetic/hvb.tfm
   3080  06-11-96  07:17   fonts/tfm/bh/helvetic/hvbo.tfm
   3308  06-11-96  07:18   fonts/tfm/bh/helvetic/hvo.tfm
   2996  06-11-96  07:17   fonts/tfm/bh/helvetic/phvb8y.tfm
   3080  06-11-96  07:17   fonts/tfm/bh/helvetic/phvbo8y.tfm
   3184  06-11-96  07:18   fonts/tfm/bh/helvetic/phvr8y.tfm
   3308  06-11-96  07:18   fonts/tfm/bh/helvetic/phvro8y.tfm
      0  12-25-00  20:52   fonts/tfm/bh/lubright/
   1244  11-05-98  16:24   fonts/tfm/bh/lubright/hlhb7t.tfm
   1360  11-05-98  16:24   fonts/tfm/bh/lubright/hlhb8c.tfm
   1648  11-05-98  16:24   fonts/tfm/bh/lubright/hlhb8r.tfm
   1680  11-05-98  16:24   fonts/tfm/bh/lubright/hlhb8t.tfm
   1304  11-05-98  16:24   fonts/tfm/bh/lubright/hlhbc7t.tfm
   1708  11-05-98  16:24   fonts/tfm/bh/lubright/hlhbc8r.tfm
   1752  11-05-98  16:24   fonts/tfm/bh/lubright/hlhbc8t.tfm
   1528  11-05-98  16:24   fonts/tfm/bh/lubright/hlhbi7t.tfm
   1520  11-05-98  16:24   fonts/tfm/bh/lubright/hlhbi8c.tfm
   1944  11-05-98  16:24   fonts/tfm/bh/lubright/hlhbi8r.tfm
   1964  11-05-98  16:24   fonts/tfm/bh/lubright/hlhbi8t.tfm
   1328  11-05-98  16:24   fonts/tfm/bh/lubright/hlhbo7t.tfm
   1452  11-05-98  16:24   fonts/tfm/bh/lubright/hlhbo8c.tfm
   1788  11-05-98  16:24   fonts/tfm/bh/lubright/hlhbo8r.tfm
   1796  11-05-98  16:24   fonts/tfm/bh/lubright/hlhbo8t.tfm
   1268  11-05-98  16:24   fonts/tfm/bh/lubright/hlhr7t.tfm
   1344  11-05-98  16:24   fonts/tfm/bh/lubright/hlhr8c.tfm
   1668  11-05-98  16:24   fonts/tfm/bh/lubright/hlhr8r.tfm
   1700  11-05-98  16:24   fonts/tfm/bh/lubright/hlhr8t.tfm
   1340  11-05-98  16:24   fonts/tfm/bh/lubright/hlhrc7t.tfm
   1720  11-05-98  16:24   fonts/tfm/bh/lubright/hlhrc8r.tfm
   1772  11-05-98  16:24   fonts/tfm/bh/lubright/hlhrc8t.tfm
   1516  11-05-98  16:24   fonts/tfm/bh/lubright/hlhri7t.tfm
   1480  11-05-98  16:24   fonts/tfm/bh/lubright/hlhri8c.tfm
   1920  11-05-98  16:24   fonts/tfm/bh/lubright/hlhri8r.tfm
   1944  11-05-98  16:24   fonts/tfm/bh/lubright/hlhri8t.tfm
   1520  11-05-98  16:24   fonts/tfm/bh/lubright/hlhro7t.tfm
   1480  11-05-98  16:24   fonts/tfm/bh/lubright/hlhro8c.tfm
   1920  11-05-98  16:24   fonts/tfm/bh/lubright/hlhro8r.tfm
   1952  11-05-98  16:24   fonts/tfm/bh/lubright/hlhro8t.tfm
      0  12-25-00  20:52   fonts/tfm/bh/lucida/
    972  11-05-98  16:24   fonts/tfm/bh/lucida/hlcbct7t.tfm
    972  11-05-98  16:24   fonts/tfm/bh/lucida/hlcbct7tn.tfm
   1408  11-05-98  16:24   fonts/tfm/bh/lucida/hlcbct8t.tfm
   1408  11-05-98  16:24   fonts/tfm/bh/lucida/hlcbct8tn.tfm
   1180  11-05-98  16:24   fonts/tfm/bh/lucida/hlcbot7t.tfm
   1176  11-05-98  16:24   fonts/tfm/bh/lucida/hlcbot7tn.tfm
   1332  11-05-98  16:24   fonts/tfm/bh/lucida/hlcbot8c.tfm
   1328  11-05-98  16:24   fonts/tfm/bh/lucida/hlcbot8cn.tfm
   1544  11-05-98  16:24   fonts/tfm/bh/lucida/hlcbot8r.tfm
   1544  11-05-98  16:24   fonts/tfm/bh/lucida/hlcbot8rn.tfm
   1628  11-05-98  16:24   fonts/tfm/bh/lucida/hlcbot8t.tfm
   1624  11-05-98  16:24   fonts/tfm/bh/lucida/hlcbot8tn.tfm
    964  11-05-98  16:24   fonts/tfm/bh/lucida/hlcbt7t.tfm
    964  11-05-98  16:24   fonts/tfm/bh/lucida/hlcbt7tn.tfm
   1264  11-05-98  16:24   fonts/tfm/bh/lucida/hlcbt8c.tfm
   1264  11-05-98  16:24   fonts/tfm/bh/lucida/hlcbt8cn.tfm
   1292  11-05-98  16:24   fonts/tfm/bh/lucida/hlcbt8r.tfm
   1292  11-05-98  16:24   fonts/tfm/bh/lucida/hlcbt8rn.tfm
   1388  11-05-98  16:24   fonts/tfm/bh/lucida/hlcbt8t.tfm
   1388  11-05-98  16:24   fonts/tfm/bh/lucida/hlcbt8tn.tfm
   1340  11-05-98  16:24   fonts/tfm/bh/lucida/hlcrcf7t.tfm
   1760  11-05-98  16:24   fonts/tfm/bh/lucida/hlcrcf8t.tfm
   1308  11-05-98  16:24   fonts/tfm/bh/lucida/hlcrcn7t.tfm
   1724  11-05-98  16:24   fonts/tfm/bh/lucida/hlcrcn8t.tfm
    968  11-05-98  16:24   fonts/tfm/bh/lucida/hlcrct7t.tfm
    968  11-05-98  16:24   fonts/tfm/bh/lucida/hlcrct7tn.tfm
   1408  11-05-98  16:24   fonts/tfm/bh/lucida/hlcrct8t.tfm
   1408  11-05-98  16:24   fonts/tfm/bh/lucida/hlcrct8tn.tfm
   1332  11-05-98  16:24   fonts/tfm/bh/lucida/hlcrf7t.tfm
   1364  11-05-98  16:24   fonts/tfm/bh/lucida/hlcrf8c.tfm
   1732  11-05-98  16:24   fonts/tfm/bh/lucida/hlcrf8r.tfm
   1764  11-05-98  16:24   fonts/tfm/bh/lucida/hlcrf8t.tfm
   1608  11-05-98  16:24   fonts/tfm/bh/lucida/hlcrie7t.tfm
   1516  11-05-98  16:24   fonts/tfm/bh/lucida/hlcrie8c.tfm
   2024  11-05-98  16:24   fonts/tfm/bh/lucida/hlcrie8r.tfm
   2056  11-05-98  16:24   fonts/tfm/bh/lucida/hlcrie8t.tfm
   1520  11-05-98  16:24   fonts/tfm/bh/lucida/hlcrin7t.tfm
   1464  11-05-98  16:24   fonts/tfm/bh/lucida/hlcrin8c.tfm
   1932  11-05-98  16:24   fonts/tfm/bh/lucida/hlcrin8r.tfm
   1952  11-05-98  16:24   fonts/tfm/bh/lucida/hlcrin8t.tfm
   1548  11-05-98  16:24   fonts/tfm/bh/lucida/hlcriw7t.tfm
   1464  11-05-98  16:24   fonts/tfm/bh/lucida/hlcriw8c.tfm
   1960  11-05-98  16:24   fonts/tfm/bh/lucida/hlcriw8r.tfm
   2004  11-05-98  16:24   fonts/tfm/bh/lucida/hlcriw8t.tfm
   1288  11-05-98  16:24   fonts/tfm/bh/lucida/hlcrn7t.tfm
   1352  11-05-98  16:24   fonts/tfm/bh/lucida/hlcrn8c.tfm
   1680  11-05-98  16:24   fonts/tfm/bh/lucida/hlcrn8r.tfm
   1696  11-05-98  16:24   fonts/tfm/bh/lucida/hlcrn8t.tfm
   1456  11-05-98  16:24   fonts/tfm/bh/lucida/hlcrof7t.tfm
   1472  11-05-98  16:24   fonts/tfm/bh/lucida/hlcrof8c.tfm
   1904  11-05-98  16:24   fonts/tfm/bh/lucida/hlcrof8r.tfm
   1908  11-05-98  16:24   fonts/tfm/bh/lucida/hlcrof8t.tfm
   1384  11-05-98  16:24   fonts/tfm/bh/lucida/hlcron7t.tfm
   1452  11-05-98  16:24   fonts/tfm/bh/lucida/hlcron8c.tfm
   1852  11-05-98  16:24   fonts/tfm/bh/lucida/hlcron8r.tfm
   1844  11-05-98  16:24   fonts/tfm/bh/lucida/hlcron8t.tfm
   1156  11-05-98  16:24   fonts/tfm/bh/lucida/hlcrot7t.tfm
   1148  11-05-98  16:24   fonts/tfm/bh/lucida/hlcrot7tn.tfm
   1340  11-05-98  16:24   fonts/tfm/bh/lucida/hlcrot8c.tfm
   1340  11-05-98  16:24   fonts/tfm/bh/lucida/hlcrot8cn.tfm
   1532  11-05-98  16:24   fonts/tfm/bh/lucida/hlcrot8r.tfm
   1524  11-05-98  16:24   fonts/tfm/bh/lucida/hlcrot8rn.tfm
   1596  11-05-98  16:24   fonts/tfm/bh/lucida/hlcrot8t.tfm
   1588  11-05-98  16:24   fonts/tfm/bh/lucida/hlcrot8tn.tfm
    964  11-05-98  16:24   fonts/tfm/bh/lucida/hlcrt7t.tfm
    964  11-05-98  16:24   fonts/tfm/bh/lucida/hlcrt7tn.tfm
   1264  11-05-98  16:24   fonts/tfm/bh/lucida/hlcrt8c.tfm
   1264  11-05-98  16:24   fonts/tfm/bh/lucida/hlcrt8cn.tfm
   1292  11-05-98  16:24   fonts/tfm/bh/lucida/hlcrt8r.tfm
   1292  11-05-98  16:24   fonts/tfm/bh/lucida/hlcrt8rn.tfm
   1388  11-05-98  16:24   fonts/tfm/bh/lucida/hlcrt8t.tfm
   1388  11-05-98  16:24   fonts/tfm/bh/lucida/hlcrt8tn.tfm
      0  12-25-00  20:52   fonts/tfm/bh/lucidfax/
   1284  11-05-98  16:24   fonts/tfm/bh/lucidfax/hlxb7t.tfm
   1360  11-05-98  16:24   fonts/tfm/bh/lucidfax/hlxb8c.tfm
   1672  11-05-98  16:24   fonts/tfm/bh/lucidfax/hlxb8r.tfm
   1712  11-05-98  16:24   fonts/tfm/bh/lucidfax/hlxb8t.tfm
   1312  11-05-98  16:24   fonts/tfm/bh/lucidfax/hlxbc7t.tfm
   1736  11-05-98  16:24   fonts/tfm/bh/lucidfax/hlxbc8t.tfm
   1544  11-05-98  16:24   fonts/tfm/bh/lucidfax/hlxbi7t.tfm
   1476  11-05-98  16:24   fonts/tfm/bh/lucidfax/hlxbi8c.tfm
   1920  11-05-98  16:24   fonts/tfm/bh/lucidfax/hlxbi8r.tfm
   1968  11-05-98  16:24   fonts/tfm/bh/lucidfax/hlxbi8t.tfm
   1368  11-05-98  16:24   fonts/tfm/bh/lucidfax/hlxbo7t.tfm
   1452  11-05-98  16:24   fonts/tfm/bh/lucidfax/hlxbo8c.tfm
   1812  11-05-98  16:24   fonts/tfm/bh/lucidfax/hlxbo8r.tfm
   1828  11-05-98  16:24   fonts/tfm/bh/lucidfax/hlxbo8t.tfm
   1264  11-05-98  16:24   fonts/tfm/bh/lucidfax/hlxr7t.tfm
   1356  11-05-98  16:24   fonts/tfm/bh/lucidfax/hlxr8c.tfm
   1632  11-05-98  16:24   fonts/tfm/bh/lucidfax/hlxr8r.tfm
   1688  11-05-98  16:24   fonts/tfm/bh/lucidfax/hlxr8t.tfm
   1308  11-05-98  16:24   fonts/tfm/bh/lucidfax/hlxrc7t.tfm
   1728  11-05-98  16:24   fonts/tfm/bh/lucidfax/hlxrc8t.tfm
   1500  11-05-98  16:24   fonts/tfm/bh/lucidfax/hlxri7t.tfm
   1480  11-05-98  16:24   fonts/tfm/bh/lucidfax/hlxri8c.tfm
   1892  11-05-98  16:24   fonts/tfm/bh/lucidfax/hlxri8r.tfm
   1940  11-05-98  16:24   fonts/tfm/bh/lucidfax/hlxri8t.tfm
   1336  11-05-98  16:24   fonts/tfm/bh/lucidfax/hlxro7t.tfm
   1440  11-05-98  16:24   fonts/tfm/bh/lucidfax/hlxro8c.tfm
   1756  11-05-98  16:24   fonts/tfm/bh/lucidfax/hlxro8r.tfm
   1796  11-05-98  16:24   fonts/tfm/bh/lucidfax/hlxro8t.tfm
      0  12-25-00  20:52   fonts/tfm/bh/lucsans/
   1256  11-05-98  16:24   fonts/tfm/bh/lucsans/hlsb7t.tfm
   1344  11-05-98  16:24   fonts/tfm/bh/lucsans/hlsb8c.tfm
   1660  11-05-98  16:24   fonts/tfm/bh/lucsans/hlsb8r.tfm
   1684  11-05-98  16:24   fonts/tfm/bh/lucsans/hlsb8t.tfm
   1284  11-05-98  16:24   fonts/tfm/bh/lucsans/hlsbc7t.tfm
   1708  11-05-98  16:24   fonts/tfm/bh/lucsans/hlsbc8t.tfm
    972  11-05-98  16:24   fonts/tfm/bh/lucsans/hlsbct7t.tfm
    972  11-05-98  16:24   fonts/tfm/bh/lucsans/hlsbct7tn.tfm
   1408  11-05-98  16:24   fonts/tfm/bh/lucsans/hlsbct8t.tfm
   1408  11-05-98  16:24   fonts/tfm/bh/lucsans/hlsbct8tn.tfm
   1520  11-05-98  16:24   fonts/tfm/bh/lucsans/hlsbi7t.tfm
   1492  11-05-98  16:24   fonts/tfm/bh/lucsans/hlsbi8c.tfm
   1928  11-05-98  16:24   fonts/tfm/bh/lucsans/hlsbi8r.tfm
   1952  11-05-98  16:24   fonts/tfm/bh/lucsans/hlsbi8t.tfm
   1340  11-05-98  16:24   fonts/tfm/bh/lucsans/hlsbo7t.tfm
   1436  11-05-98  16:24   fonts/tfm/bh/lucsans/hlsbo8c.tfm
   1808  11-05-98  16:24   fonts/tfm/bh/lucsans/hlsbo8r.tfm
   1804  11-05-98  16:24   fonts/tfm/bh/lucsans/hlsbo8t.tfm
   1204  11-05-98  16:24   fonts/tfm/bh/lucsans/hlsbot7t.tfm
   1192  11-05-98  16:24   fonts/tfm/bh/lucsans/hlsbot7tn.tfm
   1372  11-05-98  16:24   fonts/tfm/bh/lucsans/hlsbot8c.tfm
   1372  11-05-98  16:24   fonts/tfm/bh/lucsans/hlsbot8cn.tfm
   1544  11-05-98  16:24   fonts/tfm/bh/lucsans/hlsbot8r.tfm
   1544  11-05-98  16:24   fonts/tfm/bh/lucsans/hlsbot8rn.tfm
   1640  11-05-98  16:24   fonts/tfm/bh/lucsans/hlsbot8t.tfm
   1632  11-05-98  16:24   fonts/tfm/bh/lucsans/hlsbot8tn.tfm
    960  11-05-98  16:24   fonts/tfm/bh/lucsans/hlsbt7t.tfm
    960  11-05-98  16:24   fonts/tfm/bh/lucsans/hlsbt7tn.tfm
   1264  11-05-98  16:24   fonts/tfm/bh/lucsans/hlsbt8c.tfm
   1264  11-05-98  16:24   fonts/tfm/bh/lucsans/hlsbt8cn.tfm
   1292  11-05-98  16:24   fonts/tfm/bh/lucsans/hlsbt8r.tfm
   1292  11-05-98  16:24   fonts/tfm/bh/lucsans/hlsbt8rn.tfm
   1388  11-05-98  16:24   fonts/tfm/bh/lucsans/hlsbt8t.tfm
   1388  11-05-98  16:24   fonts/tfm/bh/lucsans/hlsbt8tn.tfm
   1256  11-05-98  16:24   fonts/tfm/bh/lucsans/hlsr7t.tfm
   1356  11-05-98  16:24   fonts/tfm/bh/lucsans/hlsr8c.tfm
   1652  11-05-98  16:24   fonts/tfm/bh/lucsans/hlsr8r.tfm
   1684  11-05-98  16:24   fonts/tfm/bh/lucsans/hlsr8t.tfm
   1280  11-05-98  16:24   fonts/tfm/bh/lucsans/hlsrc7t.tfm
   1692  11-05-98  16:24   fonts/tfm/bh/lucsans/hlsrc8t.tfm
    972  11-05-98  16:24   fonts/tfm/bh/lucsans/hlsrct7t.tfm
    972  11-05-98  16:24   fonts/tfm/bh/lucsans/hlsrct7tn.tfm
   1408  11-05-98  16:24   fonts/tfm/bh/lucsans/hlsrct8t.tfm
   1408  11-05-98  16:24   fonts/tfm/bh/lucsans/hlsrct8tn.tfm
   1476  11-05-98  16:24   fonts/tfm/bh/lucsans/hlsri7t.tfm
   1488  11-05-98  16:24   fonts/tfm/bh/lucsans/hlsri8c.tfm
   1880  11-05-98  16:24   fonts/tfm/bh/lucsans/hlsri8r.tfm
   1908  11-05-98  16:24   fonts/tfm/bh/lucsans/hlsri8t.tfm
   1324  11-05-98  16:24   fonts/tfm/bh/lucsans/hlsro7t.tfm
   1440  11-05-98  16:24   fonts/tfm/bh/lucsans/hlsro8c.tfm
   1772  11-05-98  16:24   fonts/tfm/bh/lucsans/hlsro8r.tfm
   1784  11-05-98  16:24   fonts/tfm/bh/lucsans/hlsro8t.tfm
   1216  11-05-98  16:24   fonts/tfm/bh/lucsans/hlsrot7t.tfm
   1200  11-05-98  16:24   fonts/tfm/bh/lucsans/hlsrot7tn.tfm
   1360  11-05-98  16:24   fonts/tfm/bh/lucsans/hlsrot8c.tfm
   1360  11-05-98  16:24   fonts/tfm/bh/lucsans/hlsrot8cn.tfm
   1544  11-05-98  16:24   fonts/tfm/bh/lucsans/hlsrot8r.tfm
   1544  11-05-98  16:24   fonts/tfm/bh/lucsans/hlsrot8rn.tfm
   1640  11-05-98  16:24   fonts/tfm/bh/lucsans/hlsrot8t.tfm
   1628  11-05-98  16:24   fonts/tfm/bh/lucsans/hlsrot8tn.tfm
    964  11-05-98  16:24   fonts/tfm/bh/lucsans/hlsrt7t.tfm
    964  11-05-98  16:24   fonts/tfm/bh/lucsans/hlsrt7tn.tfm
   1264  11-05-98  16:24   fonts/tfm/bh/lucsans/hlsrt8c.tfm
   1264  11-05-98  16:24   fonts/tfm/bh/lucsans/hlsrt8cn.tfm
   1292  11-05-98  16:24   fonts/tfm/bh/lucsans/hlsrt8r.tfm
   1292  11-05-98  16:24   fonts/tfm/bh/lucsans/hlsrt8rn.tfm
   1388  11-05-98  16:24   fonts/tfm/bh/lucsans/hlsrt8t.tfm
   1388  11-05-98  16:24   fonts/tfm/bh/lucsans/hlsrt8tn.tfm
   1232  11-05-98  16:24   fonts/tfm/bh/lucsans/hlsu7t.tfm
   1348  11-05-98  16:24   fonts/tfm/bh/lucsans/hlsu8c.tfm
   1620  11-05-98  16:24   fonts/tfm/bh/lucsans/hlsu8r.tfm
   1648  11-05-98  16:24   fonts/tfm/bh/lucsans/hlsu8t.tfm
   1268  11-05-98  16:24   fonts/tfm/bh/lucsans/hlsuc7t.tfm
   1680  11-05-98  16:24   fonts/tfm/bh/lucsans/hlsuc8t.tfm
   1480  11-05-98  16:24   fonts/tfm/bh/lucsans/hlsui7t.tfm
   1496  11-05-98  16:24   fonts/tfm/bh/lucsans/hlsui8c.tfm
   1880  11-05-98  16:24   fonts/tfm/bh/lucsans/hlsui8r.tfm
   1912  11-05-98  16:24   fonts/tfm/bh/lucsans/hlsui8t.tfm
   1300  11-05-98  16:24   fonts/tfm/bh/lucsans/hlsuo7t.tfm
   1420  11-05-98  16:24   fonts/tfm/bh/lucsans/hlsuo8c.tfm
   1732  11-05-98  16:24   fonts/tfm/bh/lucsans/hlsuo8r.tfm
   1740  11-05-98  16:24   fonts/tfm/bh/lucsans/hlsuo8t.tfm
      0  12-25-00  20:52   fonts/tfm/bh/lumath/
   1524  11-05-98  16:24   fonts/tfm/bh/lumath/hlcda.tfm
   2496  11-05-98  16:24   fonts/tfm/bh/lumath/hlcdim.tfm
   2496  11-05-98  16:24   fonts/tfm/bh/lumath/hlcdima.tfm
   2340  11-05-98  16:24   fonts/tfm/bh/lumath/hlcdm.tfm
   1852  11-05-98  16:24   fonts/tfm/bh/lumath/hlcdy.tfm
   1492  11-05-98  16:24   fonts/tfm/bh/lumath/hlcra.tfm
   2368  11-05-98  16:24   fonts/tfm/bh/lumath/hlcrim.tfm
   2424  11-05-98  16:24   fonts/tfm/bh/lumath/hlcrima.tfm
   2296  11-05-98  16:24   fonts/tfm/bh/lumath/hlcrm.tfm
   1752  11-05-98  16:24   fonts/tfm/bh/lumath/hlcrv.tfm
   1824  11-05-98  16:24   fonts/tfm/bh/lumath/hlcry.tfm
      0  12-25-00  20:52   fonts/tfm/bh/wingding/
   1476  02-22-94  15:06   fonts/tfm/bh/wingding/hwir.tfm
      0  12-25-00  20:52   fonts/vf/bh/lubright/
   1320  11-05-98  16:24   fonts/vf/bh/lubright/hlhb7t.vf
   3568  11-05-98  16:24   fonts/vf/bh/lubright/hlhb8c.vf
   2276  11-05-98  16:24   fonts/vf/bh/lubright/hlhb8t.vf
   1324  11-05-98  16:24   fonts/vf/bh/lubright/hlhbc7t.vf
   2272  11-05-98  16:24   fonts/vf/bh/lubright/hlhbc8t.vf
   1320  11-05-98  16:24   fonts/vf/bh/lubright/hlhbi7t.vf
   3572  11-05-98  16:24   fonts/vf/bh/lubright/hlhbi8c.vf
   2288  11-05-98  16:24   fonts/vf/bh/lubright/hlhbi8t.vf
   1320  11-05-98  16:24   fonts/vf/bh/lubright/hlhbo7t.vf
   3572  11-05-98  16:24   fonts/vf/bh/lubright/hlhbo8c.vf
   2284  11-05-98  16:24   fonts/vf/bh/lubright/hlhbo8t.vf
   1320  11-05-98  16:24   fonts/vf/bh/lubright/hlhr7t.vf
   3568  11-05-98  16:24   fonts/vf/bh/lubright/hlhr8c.vf
   2276  11-05-98  16:24   fonts/vf/bh/lubright/hlhr8t.vf
   1324  11-05-98  16:24   fonts/vf/bh/lubright/hlhrc7t.vf
   2272  11-05-98  16:24   fonts/vf/bh/lubright/hlhrc8t.vf
   1320  11-05-98  16:24   fonts/vf/bh/lubright/hlhri7t.vf
   3572  11-05-98  16:24   fonts/vf/bh/lubright/hlhri8c.vf
   2288  11-05-98  16:24   fonts/vf/bh/lubright/hlhri8t.vf
   1320  11-05-98  16:24   fonts/vf/bh/lubright/hlhro7t.vf
   3572  11-05-98  16:24   fonts/vf/bh/lubright/hlhro8c.vf
   2284  11-05-98  16:24   fonts/vf/bh/lubright/hlhro8t.vf
      0  12-25-00  20:52   fonts/vf/bh/lucida/
   1520  11-05-98  16:24   fonts/vf/bh/lucida/hlcbct7t.vf
   1520  11-05-98  16:24   fonts/vf/bh/lucida/hlcbct7tn.vf
   2996  11-05-98  16:24   fonts/vf/bh/lucida/hlcbct8t.vf
   3000  11-05-98  16:24   fonts/vf/bh/lucida/hlcbct8tn.vf
   1344  11-05-98  16:24   fonts/vf/bh/lucida/hlcbot7t.vf
   1344  11-05-98  16:24   fonts/vf/bh/lucida/hlcbot7tn.vf
   3540  11-05-98  16:24   fonts/vf/bh/lucida/hlcbot8c.vf
   3540  11-05-98  16:24   fonts/vf/bh/lucida/hlcbot8cn.vf
   2284  11-05-98  16:24   fonts/vf/bh/lucida/hlcbot8t.vf
   2284  11-05-98  16:24   fonts/vf/bh/lucida/hlcbot8tn.vf
   1344  11-05-98  16:24   fonts/vf/bh/lucida/hlcbt7t.vf
   1344  11-05-98  16:24   fonts/vf/bh/lucida/hlcbt7tn.vf
   3540  11-05-98  16:24   fonts/vf/bh/lucida/hlcbt8c.vf
   3540  11-05-98  16:24   fonts/vf/bh/lucida/hlcbt8cn.vf
   2180  11-05-98  16:24   fonts/vf/bh/lucida/hlcbt8t.vf
   2180  11-05-98  16:24   fonts/vf/bh/lucida/hlcbt8tn.vf
   1948  11-05-98  16:24   fonts/vf/bh/lucida/hlcrcf7t.vf
   3596  11-05-98  16:24   fonts/vf/bh/lucida/hlcrcf8t.vf
   1960  11-05-98  16:24   fonts/vf/bh/lucida/hlcrcn7t.vf
   3776  11-05-98  16:24   fonts/vf/bh/lucida/hlcrcn8t.vf
   1520  11-05-98  16:24   fonts/vf/bh/lucida/hlcrct7t.vf
   1520  11-05-98  16:24   fonts/vf/bh/lucida/hlcrct7tn.vf
   2996  11-05-98  16:24   fonts/vf/bh/lucida/hlcrct8t.vf
   3000  11-05-98  16:24   fonts/vf/bh/lucida/hlcrct8tn.vf
   1372  11-05-98  16:24   fonts/vf/bh/lucida/hlcrf7t.vf
   3572  11-05-98  16:24   fonts/vf/bh/lucida/hlcrf8c.vf
   2312  11-05-98  16:24   fonts/vf/bh/lucida/hlcrf8t.vf
   1388  11-05-98  16:24   fonts/vf/bh/lucida/hlcrie7t.vf
   3576  11-05-98  16:24   fonts/vf/bh/lucida/hlcrie8c.vf
   2308  11-05-98  16:24   fonts/vf/bh/lucida/hlcrie8t.vf
   1388  11-05-98  16:24   fonts/vf/bh/lucida/hlcrin7t.vf
   3576  11-05-98  16:24   fonts/vf/bh/lucida/hlcrin8c.vf
   2524  11-05-98  16:24   fonts/vf/bh/lucida/hlcrin8t.vf
   1388  11-05-98  16:24   fonts/vf/bh/lucida/hlcriw7t.vf
   3576  11-05-98  16:24   fonts/vf/bh/lucida/hlcriw8c.vf
   2348  11-05-98  16:24   fonts/vf/bh/lucida/hlcriw8t.vf
   1384  11-05-98  16:24   fonts/vf/bh/lucida/hlcrn7t.vf
   3576  11-05-98  16:24   fonts/vf/bh/lucida/hlcrn8c.vf
   2516  11-05-98  16:24   fonts/vf/bh/lucida/hlcrn8t.vf
   1376  11-05-98  16:24   fonts/vf/bh/lucida/hlcrof7t.vf
   3572  11-05-98  16:24   fonts/vf/bh/lucida/hlcrof8c.vf
   2312  11-05-98  16:24   fonts/vf/bh/lucida/hlcrof8t.vf
   1384  11-05-98  16:24   fonts/vf/bh/lucida/hlcron7t.vf
   3576  11-05-98  16:24   fonts/vf/bh/lucida/hlcron8c.vf
   2524  11-05-98  16:24   fonts/vf/bh/lucida/hlcron8t.vf
   1344  11-05-98  16:24   fonts/vf/bh/lucida/hlcrot7t.vf
   1344  11-05-98  16:24   fonts/vf/bh/lucida/hlcrot7tn.vf
   3540  11-05-98  16:24   fonts/vf/bh/lucida/hlcrot8c.vf
   3540  11-05-98  16:24   fonts/vf/bh/lucida/hlcrot8cn.vf
   2284  11-05-98  16:24   fonts/vf/bh/lucida/hlcrot8t.vf
   2284  11-05-98  16:24   fonts/vf/bh/lucida/hlcrot8tn.vf
   1344  11-05-98  16:24   fonts/vf/bh/lucida/hlcrt7t.vf
   1344  11-05-98  16:24   fonts/vf/bh/lucida/hlcrt7tn.vf
   3540  11-05-98  16:24   fonts/vf/bh/lucida/hlcrt8c.vf
   3540  11-05-98  16:24   fonts/vf/bh/lucida/hlcrt8cn.vf
   2180  11-05-98  16:24   fonts/vf/bh/lucida/hlcrt8t.vf
   2180  11-05-98  16:24   fonts/vf/bh/lucida/hlcrt8tn.vf
      0  12-25-00  20:52   fonts/vf/bh/lucidfax/
   1372  11-05-98  16:24   fonts/vf/bh/lucidfax/hlxb7t.vf
   3568  11-05-98  16:24   fonts/vf/bh/lucidfax/hlxb8c.vf
   2332  11-05-98  16:24   fonts/vf/bh/lucidfax/hlxb8t.vf
   1948  11-05-98  16:24   fonts/vf/bh/lucidfax/hlxbc7t.vf
   3580  11-05-98  16:24   fonts/vf/bh/lucidfax/hlxbc8t.vf
   1376  11-05-98  16:24   fonts/vf/bh/lucidfax/hlxbi7t.vf
   3572  11-05-98  16:24   fonts/vf/bh/lucidfax/hlxbi8c.vf
   2340  11-05-98  16:24   fonts/vf/bh/lucidfax/hlxbi8t.vf
   1372  11-05-98  16:24   fonts/vf/bh/lucidfax/hlxbo7t.vf
   3572  11-05-98  16:24   fonts/vf/bh/lucidfax/hlxbo8c.vf
   2336  11-05-98  16:24   fonts/vf/bh/lucidfax/hlxbo8t.vf
   1372  11-05-98  16:24   fonts/vf/bh/lucidfax/hlxr7t.vf
   3568  11-05-98  16:24   fonts/vf/bh/lucidfax/hlxr8c.vf
   2332  11-05-98  16:24   fonts/vf/bh/lucidfax/hlxr8t.vf
   1948  11-05-98  16:24   fonts/vf/bh/lucidfax/hlxrc7t.vf
   3576  11-05-98  16:24   fonts/vf/bh/lucidfax/hlxrc8t.vf
   1376  11-05-98  16:24   fonts/vf/bh/lucidfax/hlxri7t.vf
   3572  11-05-98  16:24   fonts/vf/bh/lucidfax/hlxri8c.vf
   2340  11-05-98  16:24   fonts/vf/bh/lucidfax/hlxri8t.vf
   1372  11-05-98  16:24   fonts/vf/bh/lucidfax/hlxro7t.vf
   3572  11-05-98  16:24   fonts/vf/bh/lucidfax/hlxro8c.vf
   2340  11-05-98  16:24   fonts/vf/bh/lucidfax/hlxro8t.vf
      0  12-25-00  20:52   fonts/vf/bh/lucsans/
   1320  11-05-98  16:24   fonts/vf/bh/lucsans/hlsb7t.vf
   3568  11-05-98  16:24   fonts/vf/bh/lucsans/hlsb8c.vf
   2276  11-05-98  16:24   fonts/vf/bh/lucsans/hlsb8t.vf
   1948  11-05-98  16:24   fonts/vf/bh/lucsans/hlsbc7t.vf
   3576  11-05-98  16:24   fonts/vf/bh/lucsans/hlsbc8t.vf
   1520  11-05-98  16:24   fonts/vf/bh/lucsans/hlsbct7t.vf
   1520  11-05-98  16:24   fonts/vf/bh/lucsans/hlsbct7tn.vf
   2996  11-05-98  16:24   fonts/vf/bh/lucsans/hlsbct8t.vf
   3000  11-05-98  16:24   fonts/vf/bh/lucsans/hlsbct8tn.vf
   1320  11-05-98  16:24   fonts/vf/bh/lucsans/hlsbi7t.vf
   3572  11-05-98  16:24   fonts/vf/bh/lucsans/hlsbi8c.vf
   2284  11-05-98  16:24   fonts/vf/bh/lucsans/hlsbi8t.vf
   1320  11-05-98  16:24   fonts/vf/bh/lucsans/hlsbo7t.vf
   3572  11-05-98  16:24   fonts/vf/bh/lucsans/hlsbo8c.vf
   2280  11-05-98  16:24   fonts/vf/bh/lucsans/hlsbo8t.vf
   1344  11-05-98  16:24   fonts/vf/bh/lucsans/hlsbot7t.vf
   1344  11-05-98  16:24   fonts/vf/bh/lucsans/hlsbot7tn.vf
   3540  11-05-98  16:24   fonts/vf/bh/lucsans/hlsbot8c.vf
   3540  11-05-98  16:24   fonts/vf/bh/lucsans/hlsbot8cn.vf
   2284  11-05-98  16:24   fonts/vf/bh/lucsans/hlsbot8t.vf
   2284  11-05-98  16:24   fonts/vf/bh/lucsans/hlsbot8tn.vf
   1344  11-05-98  16:24   fonts/vf/bh/lucsans/hlsbt7t.vf
   1344  11-05-98  16:24   fonts/vf/bh/lucsans/hlsbt7tn.vf
   3540  11-05-98  16:24   fonts/vf/bh/lucsans/hlsbt8c.vf
   3540  11-05-98  16:24   fonts/vf/bh/lucsans/hlsbt8cn.vf
   2176  11-05-98  16:24   fonts/vf/bh/lucsans/hlsbt8t.vf
   2180  11-05-98  16:24   fonts/vf/bh/lucsans/hlsbt8tn.vf
   1320  11-05-98  16:24   fonts/vf/bh/lucsans/hlsr7t.vf
   3568  11-05-98  16:24   fonts/vf/bh/lucsans/hlsr8c.vf
   2276  11-05-98  16:24   fonts/vf/bh/lucsans/hlsr8t.vf
   1948  11-05-98  16:24   fonts/vf/bh/lucsans/hlsrc7t.vf
   3572  11-05-98  16:24   fonts/vf/bh/lucsans/hlsrc8t.vf
   1520  11-05-98  16:24   fonts/vf/bh/lucsans/hlsrct7t.vf
   1520  11-05-98  16:24   fonts/vf/bh/lucsans/hlsrct7tn.vf
   2996  11-05-98  16:24   fonts/vf/bh/lucsans/hlsrct8t.vf
   3000  11-05-98  16:24   fonts/vf/bh/lucsans/hlsrct8tn.vf
   1320  11-05-98  16:24   fonts/vf/bh/lucsans/hlsri7t.vf
   3572  11-05-98  16:24   fonts/vf/bh/lucsans/hlsri8c.vf
   2280  11-05-98  16:24   fonts/vf/bh/lucsans/hlsri8t.vf
   1320  11-05-98  16:24   fonts/vf/bh/lucsans/hlsro7t.vf
   3572  11-05-98  16:24   fonts/vf/bh/lucsans/hlsro8c.vf
   2280  11-05-98  16:24   fonts/vf/bh/lucsans/hlsro8t.vf
   1344  11-05-98  16:24   fonts/vf/bh/lucsans/hlsrot7t.vf
   1344  11-05-98  16:24   fonts/vf/bh/lucsans/hlsrot7tn.vf
   3540  11-05-98  16:24   fonts/vf/bh/lucsans/hlsrot8c.vf
   3540  11-05-98  16:24   fonts/vf/bh/lucsans/hlsrot8cn.vf
   2284  11-05-98  16:24   fonts/vf/bh/lucsans/hlsrot8t.vf
   2284  11-05-98  16:24   fonts/vf/bh/lucsans/hlsrot8tn.vf
   1344  11-05-98  16:24   fonts/vf/bh/lucsans/hlsrt7t.vf
   1344  11-05-98  16:24   fonts/vf/bh/lucsans/hlsrt7tn.vf
   3540  11-05-98  16:24   fonts/vf/bh/lucsans/hlsrt8c.vf
   3540  11-05-98  16:24   fonts/vf/bh/lucsans/hlsrt8cn.vf
   2176  11-05-98  16:24   fonts/vf/bh/lucsans/hlsrt8t.vf
   2180  11-05-98  16:24   fonts/vf/bh/lucsans/hlsrt8tn.vf
   1320  11-05-98  16:24   fonts/vf/bh/lucsans/hlsu7t.vf
   3568  11-05-98  16:24   fonts/vf/bh/lucsans/hlsu8c.vf
   2264  11-05-98  16:24   fonts/vf/bh/lucsans/hlsu8t.vf
   1948  11-05-98  16:24   fonts/vf/bh/lucsans/hlsuc7t.vf
   3564  11-05-98  16:24   fonts/vf/bh/lucsans/hlsuc8t.vf
   1320  11-05-98  16:24   fonts/vf/bh/lucsans/hlsui7t.vf
   3572  11-05-98  16:24   fonts/vf/bh/lucsans/hlsui8c.vf
   2284  11-05-98  16:24   fonts/vf/bh/lucsans/hlsui8t.vf
   1320  11-05-98  16:24   fonts/vf/bh/lucsans/hlsuo7t.vf
   3572  11-05-98  16:24   fonts/vf/bh/lucsans/hlsuo8c.vf
   2280  11-05-98  16:24   fonts/vf/bh/lucsans/hlsuo8t.vf
    508  07-06-98  14:28   tex/latex/lucidabr/8rhlce.fd
    562  07-06-98  14:27   tex/latex/lucidabr/8rhlcf.fd
    560  07-06-98  14:28   tex/latex/lucidabr/8rhlcn.fd
   1253  07-06-98  14:25   tex/latex/lucidabr/8rhlct.fd
    508  07-06-98  14:28   tex/latex/lucidabr/8rhlcw.fd
   1044  07-06-98  14:23   tex/latex/lucidabr/8rhlh.fd
   1042  07-06-98  14:24   tex/latex/lucidabr/8rhls.fd
   1253  07-06-98  14:26   tex/latex/lucidabr/8rhlst.fd
    879  07-06-98  14:27   tex/latex/lucidabr/8rhlx.fd
   1101  03-31-99  19:34   tex/latex/lucidabr/lmrhlcm.fd
  29029  03-31-99  19:34   tex/latex/lucidabr/lucbmath.sty
   2379  03-31-99  19:34   tex/latex/lucidabr/lucfont.tex
  31895  03-31-99  19:34   tex/latex/lucidabr/lucidabr.sty
    886  03-31-99  19:34   tex/latex/lucidabr/lucidbrb.sty
    917  03-31-99  19:34   tex/latex/lucidabr/lucidbry.sty
  28990  03-31-99  19:34   tex/latex/lucidabr/lucmin.sty
  28982  03-31-99  19:34   tex/latex/lucidabr/lucmtime.sty
  10929  03-24-97  14:04   tex/latex/lucidabr/ly1enc.def
   1225  03-31-99  19:34   tex/latex/lucidabr/ly1hlce.fd
   1223  03-31-99  19:34   tex/latex/lucidabr/ly1hlcf.fd
   1209  03-31-99  19:34   tex/latex/lucidabr/ly1hlcn.fd
   1758  03-31-99  19:34   tex/latex/lucidabr/ly1hlct.fd
   1225  03-31-99  19:34   tex/latex/lucidabr/ly1hlcw.fd
   1617  03-31-99  19:34   tex/latex/lucidabr/ly1hlh.fd
   1742  03-31-99  19:34   tex/latex/lucidabr/ly1hls.fd
   1767  03-31-99  19:34   tex/latex/lucidabr/ly1hlst.fd
   1176  03-31-99  19:34   tex/latex/lucidabr/ly1hlx.fd
   1271  09-21-98  10:55   tex/latex/lucidabr/ly1pcr.fd
   1710  10-31-98  15:15   tex/latex/lucidabr/ly1phv.fd
   1204  09-21-98  11:33   tex/latex/lucidabr/ly1ptm.fd
   1331  03-31-99  19:34   tex/latex/lucidabr/omlhlcm.fd
   1463  03-31-99  19:34   tex/latex/lucidabr/omlhlh.fd
   1119  03-31-99  19:34   tex/latex/lucidabr/omshlcy.fd
   1480  03-31-99  19:34   tex/latex/lucidabr/omshlh.fd
   1054  03-31-99  19:34   tex/latex/lucidabr/omxhlcv.fd
    632  07-06-98  14:28   tex/latex/lucidabr/ot1hlce.fd
    744  07-06-98  14:27   tex/latex/lucidabr/ot1hlcf.fd
    742  07-06-98  14:28   tex/latex/lucidabr/ot1hlcn.fd
   1682  07-06-98  14:25   tex/latex/lucidabr/ot1hlct.fd
    632  07-06-98  14:28   tex/latex/lucidabr/ot1hlcw.fd
   1174  07-06-98  14:23   tex/latex/lucidabr/ot1hlh.fd
   1396  07-06-98  14:24   tex/latex/lucidabr/ot1hls.fd
   1682  07-06-98  14:26   tex/latex/lucidabr/ot1hlst.fd
   1174  07-06-98  14:27   tex/latex/lucidabr/ot1hlx.fd
    508  07-06-98  14:28   tex/latex/lucidabr/t1hlce.fd
    618  07-06-98  14:27   tex/latex/lucidabr/t1hlcf.fd
    616  07-06-98  14:28   tex/latex/lucidabr/t1hlcn.fd
   1540  07-06-98  14:25   tex/latex/lucidabr/t1hlct.fd
    508  07-06-98  14:28   tex/latex/lucidabr/t1hlcw.fd
   1044  07-06-98  14:23   tex/latex/lucidabr/t1hlh.fd
   1262  07-06-98  14:24   tex/latex/lucidabr/t1hls.fd
   1540  07-06-98  14:26   tex/latex/lucidabr/t1hlst.fd
   1044  07-06-98  14:27   tex/latex/lucidabr/t1hlx.fd
   3301  06-15-98  10:03   tex/latex/lucidabr/texnansi.sty
    514  07-06-98  14:28   tex/latex/lucidabr/ts1hlce.fd
    569  07-06-98  14:27   tex/latex/lucidabr/ts1hlcf.fd
    567  07-06-98  14:28   tex/latex/lucidabr/ts1hlcn.fd
   1272  07-06-98  14:25   tex/latex/lucidabr/ts1hlct.fd
    514  07-06-98  14:28   tex/latex/lucidabr/ts1hlcw.fd
    892  07-06-98  14:23   tex/latex/lucidabr/ts1hlh.fd
   1058  07-06-98  14:24   tex/latex/lucidabr/ts1hls.fd
   1272  07-06-98  14:26   tex/latex/lucidabr/ts1hlst.fd
    892  07-06-98  14:27   tex/latex/lucidabr/ts1hlx.fd
  40850  11-22-97  18:42   tex/latex/mathtime/lfonts-m.tex
  50336  06-29-93  20:07   tex/latex/mathtime/lplain-m.tex
    994  01-30-00  15:09   tex/latex/mathtime/mathpi.sty
  14771  01-30-00  15:09   tex/latex/mathtime/mathtime.sty
  45314  05-26-99  20:49   tex/latex/mathtime/mt11p.sty
  34582  09-25-98  00:47   tex/latex/mathtime/mtlatex.tex
  34602  09-25-98  00:54   tex/latex/mathtime/mtltplus.tex
    921  01-30-00  15:09   tex/latex/mathtime/my1mtt.fd
    825  01-30-00  15:09   tex/latex/mathtime/my2mtt.fd
    808  01-30-00  15:09   tex/latex/mathtime/my3mtt.fd
    874  01-30-00  15:09   tex/latex/mathtime/omslby.fd
    720  01-30-00  15:09   tex/latex/mathtime/umh2.fd
    748  01-30-00  15:09   tex/latex/mathtime/umh2scr.fd
    720  01-30-00  15:09   tex/latex/mathtime/umh6.fd
    784  01-30-00  15:09   tex/latex/mathtime/umtms.fd
  16423  03-31-97  11:01   tex/plain/mathtime/ansiacce.tex
   4999  09-25-98  00:42   tex/plain/mathtime/chironmt.tex
  19617  06-08-98  09:48   tex/plain/mathtime/dcaccent.tex
   6584  09-25-98  00:43   tex/plain/mathtime/encode.tex
   6587  08-03-93  19:43   tex/plain/mathtime/encodean.tex
   6584  08-03-93  19:43   tex/plain/mathtime/encodese.tex
   6430  07-13-96  21:00   tex/plain/mathtime/encodetx.tex
   2154  06-20-97  11:37   tex/plain/mathtime/mtextra.tex
  15012  11-02-97  17:05   tex/plain/mathtime/mtmacs.tex
  16002  09-25-98  00:47   tex/plain/mathtime/mtplain.tex
  17656  09-25-98  00:54   tex/plain/mathtime/mtplainx.tex
  43604  11-02-97  17:57   tex/plain/mathtime/mtplus.tex
  48962  11-22-97  18:41   tex/plain/mathtime/plain-mt.tex
   8224  08-07-96  06:53   tex/plain/mathtime/stanacce.tex
  14027  03-31-97  11:01   tex/plain/mathtime/texnansi.tex
 ------                    -------
2630309                    705 files
